[    0.000000]Initializing cgroup subsys cpuset
[    0.000000] Initializing cgroup subsys cpu
[    0.00000] Initializing cgroup subsys cpuacct
[    0.000000] Linu version 4.4.0-66-generic (buildd@lgw01-28) (gcc version 5.4.0 20160609 (Ubuntu 5.4.0-6ubuntu1~16.04.4) ) #87-Ubuntu SMP  Fri Mar 3 15:29:05 UTC 2017 (Ubuntu 4.4.0-66.87-gneric .4.44)
[    0.000000] Command line: BOOT_IMAGE=/boot/vmlinuz-4.4.066-generic root=LABEL=cloudimg-rootfs ro console=tty1 cnsole=ttyS0
[    0.000000] KERNEL supported cpus:
[    0.000000]   Intel GenuineIntel
[    0.000000]   AMD AuthenticAMD
[    0.000000]   Centaur CentaurHauls
[    0.000000] x86/fpu: xstate_offset[2]:  576, xstate_sizes[2]:  256
[    0.000000] x86/fpu: Supporting XSAVE feature 0x01: 'x87 floating point registers'
[    0.000000] x86/fpu: Supporting XSAVE feature 0x02: 'SSE registers'
[    0.000000 x86/fpu: Spporting XSAVE feature 0x04: 'AVX registers'
[    0.000000] x86/fpu: Enabled xstat features 0x7, context size is 832 bytes, using 'standard' format.
[    0.000000] x86/fpu: Using 'lazy' FPU context switches.
[    0.000000] e820: BIOS-provided physical RAM map:
[    0.000000] BIOS-e820: [mem 0x0000000000000000-0x000000000009fbff] usable
[    0.000000] BIOS-e820: [mem 0x000000000009fc00-0x000000000009ffff] reserved
[    0.000000] BIOS-e820: [mem 0x00000000000f0000-0x00000000000fffff] reserved
[    0.000000] BIOS-e820: [mem 0x0000000000100000-0x00000000dffeffff] usable
[    0.000000] BIOS-e820: [mem 0x0000000dfff0000-0x00000000dfffffff] ACPI data
[    0.000000] BIOS-e820: [mem 0x00000000fec00000-0x00000000fec00fff] reserved
[    0.000000] BIOS-e820: [mem 0x00000000fee00000-0x00000000fee00fff] reserved
[    0.000000] BIOS-e820: [mem 0x00000000fffc0000-0x00000000ffffffff] reserved
[    0.000000] BIOS-e820: [mem 0x0000000100000000-0x000000011fffffff] usable
[    0.000000] NX (Execute Disable) protection: active
[    0.000000] SMBIOS 2.5 present.
[    0.000000] Hypervisor detected: KVM
[    0.000000] e820: last_pfn = 0x120000 max_arch_pfn = 0x400000000
[    0.000000] MTRR: Disabled
[    0.000000] x86/PAT: MTRRs disabed, skipping PAT initializationtoo.
[    0.000000] x86/PAT: Configuration [0-7]: WB WT  UC- UC  WB  WT  UC- UC  
[    0.000000] CPU MTRRs all blank - virtualized system.
[    0.000000] e820: last_pfn = 0xfff0 max_arch_pfn = 0x400000000
[    0.000000] found SMP MP-table at [mem 0x0009fff0-0x000fff] mapped at [ffff88000009fff0]
[    0.000000] Scannng 1 areas for low memory corruption
[    0.000000] RAMDISK: [mem 036ad6000-037562fff]
[    0.000000] ACPI:Early table checksum verification disabled
[    0.000000] ACPI: RSDP 0x00000000000E0000 00024 (v02 VBOX  )
[    0.000000] ACPI: XSDT 0x00000000DFFF0030 00003C (v01 VBOX   VBOXXSDT 00000001 ASL  0000001)
[    0.000000] ACPI: FACP 0x00000000DFFF00F0 0000F4 (v04 BOX   VBOXFACP 00000001 ASL  00000061)
[    0.000000] ACPI: DDT 0x00000000DFFF0470 0021FF (v02 VBOX   VBOXBIOS 0000002 INTL 20100528)
[    0.000000]ACPI: FACS 0x00000000DFFF0200 000040
[    0.000000] ACPI: FACS 0x00000000DFFF0200 000040
[    0.000000] ACP: APIC 0x00000000DFFF0240 00005C (v02 VBOX   VBOXAPIC 00000001 ASL  00000061)
[    0.000000] ACPI: SSDT 0x00000000DFFF02A0 0001CC (v01 VBOX   VBOXCPUT 00000002 INTL 20100528)
[    0.000000] No NUMA configuration found
[    0.000000] Faking a node at [mem 0x0000000000000000-0x000000011fffffff]
[    0.000000] NODE_DATA(0) allocated [mem 0x11fff7000-0x11fffbfff]
[    0.000000] kvm-clock: Usingmsrs 4b564d01 and 4b564d00
[    0.00000] kvm-lock: cpu 0, msr 1:1ffef001, primary cpu clock
[    0.000000] kvm-clock: using sched offset of 5251691337 cycles
[    0.000000] cocksource: kv-clock: mask 0xffffffffffffffff max_cycles: 0x1cd42e4dffb, max_idle_ns: 881590591483 ns
[    0.00000] Zone ranges:
[    0.00000]   DMA      [em 0x0000000000001000-0x0000000000ffffff]
[    0.000000]  DMA32    [mem 0x0000000001000000-0x00000000ffffffff]
[    0.00000]   Normal   [mem 0x0000000100000000-0x000000011fffffff]
[    0.000000]   Device   empty
[    0.000000] Movable zone start for each node
[    0.000000] Early memory node ranges
[    0.000000]   node   0: [mem 0x0000000000001000-0x000000000009efff]
[    0.000000]   node   0: [mem 0x0000000000100000-0x00000000dffeffff]
[    0.000000]   node   0: [mem 0x0000000100000000-0x000000011fffffff]
[    0.000000] Initmem setup node 0 [mem 0x0000000000001000-0x000000011fffffff]
[    0.000000] ACPI: PM-Timer IO Port: 0x4008
[    0.000000] IOAPIC[0]: apic_id 2, version 32, address 0xfec00000, GSI 0-23
[    0.000000] ACPI: INT_SRC_OVR (bus 0 bus_irq 0 global_irq 2 dfl dfl)
[    0.000000] ACPI: INT_SRC_OVR (bus 0 bus_irq 9 global_irq 9 low level)
[    0.000000] Using ACPI (MADT) for SMP configuration information
[    0.000000] ssmpboot: Allowing 2 CPUs, 0 hotplug CPUs
[    0.000000] PM: Registered nosave meory: [mem 0x00000000-0x00000fff]
[    0.000000] PM: Registered nosave memory: [mem 0x0009f000-0x0009fff]
[    0.000000] PM: Registered nosav memory: [me 0x000a0000-0x000effff]
[    0.000000] PM: Registered nosave memory: [mem 0x000f0000-0x000fffff]
[    0.000000] PM: Registered nosave memory: [mem 0xdfff0000-0xdfffffff]
[    0.000000] PM: Registered nosave memory: [mem 0xe0000000-0xfebfffff]
[    0.000000] PM: Registered nosave memory: [mem 0xfec00000-0xfec00fff]
[    0.000000] PM: Registered nosave memory: [mem 0xfec01000-0xfedfffff]
[    0.000000] PM: Registered nosave memry: [mem 0xfee00000-0xfee00fff]
[    0.000000] PM: Registered nosave memory: [mem 0xfee01000-0xfffbffff]
[    0.000000] PM: Registered nosave memory: [mem 0xfffc0000-0xffffffff]
[    0.000000] e820: [mem 0xe0000000-0xfebfffff] available for PCI devices
[    0.000000] Booting paravirtualized kernel on KVM
[    0.000000] clocksource: refined-jiffies: mask: 0xffffffff max_cycles: 0xffffffff, max_idle_ns: 7645519600211568 ns
[    0.000000] setup_percpu: NR_CPUS:512 nr_cpumask_bits:512 nr_cpu_ids:2 nr_node_ids:1
[    0.000000] PERCPU: Embedded 33 pages/cpu @ffff88011fc00000 s98264 r8192 d28712 u1048576
[    0.000000] PV qspinlock hash table entries: 256 (order: 0, 4096 bytes)
[    0.000000] Built 1 zonelists in Node order, mobility grouping on.  Total pages: 1032057
[    0.000000] Policy zone: Normal
[    0.000000] Kernel command line: BOOT_IMAGE=/boot/vmlinuz-4.4.0-66-generic root=LABEL=cloudimg-rootfs ro console=tty1 console=ttyS0
[    0.000000] PID hash table entries: 4096 (order: 3, 32768 bytes)
[    0.000000] Memory: 4032284K/4193848K available (8452K kernel code, 1293K rwdata, 3980K rodata, 1488K init, 1316K bss, 161564K reserved, 0K cma-reserved)
[    0.000000] SLUB: HWalign=64, Order=0-3, MinObjects=0, CPUs=2, Nodes=1
[    0.000000] Hierarchical RCU implementation.
[    0.000000] 	Build-time adjustment of leaf fanout to 64
[    0.000000] 	RCU restricting CPUs from NR_CPUS=512 to nr_cpu_ids=2.
[    0.000000] RCU: Adjusting geometry for rcu_fanout_leaf=64, nr_cpu_ids=2
[     0.000000] NR_IRQS:33024 nr_irqs:440 16
[    0.000000] Console: colour VGA+ 80x25
[    0.000000] console [tty1] enabled
[    0.000000] console [ttyS0] enabled
[    0.000000] tsc: Detected 1800.000 MHz processor
[    1.267424] Calibrating delay loop (skipped) preset value.. 3600.00 BogoMIPS (lpj=7200000)
[    1.270911] pid_max: default: 32768 minimum: 301
[    1.273143] ACPI: Core revision 20150930
[    1.275845] API: 2 ACPI AML tables successfully acquired and loaded
[    1.322016] Security Framework initialized
[    1.331151] Yama: becoming mindful.
[    1.335968] AppArmor: AppArmor initialized
[    1.340046] Dentry cache hash table entries: 524288 (order: 10, 4194304 bytes)
[    1.351858] Inode-cache hash table entries: 262144 (order: 9, 2097152 bytes)
[    1.372538] Mount-cache hash table entries: 8192 (order: 4, 65536 bytes)
[    1.395608] Mountpoint-cache hash table entries: 8192 (order: 4, 65536 bytes)
[    1.407170] Initializing cgroup subsys io
[    1.409071] Initializing cgroup subsys memory
[    1.423368] Initializing cgroup subsys devices
[    1.427125] Initializing cgroup subsys freezer
[    1.429798] Initializing cgroup subsys net_cls
[    1.431540] Initializing cgroup subsys perf_event
[    1.434008] Initializing cgroup subsys net_prio
[    1.435763] Initializing cgroup subsys hugetlb
[    1.439573] Initializing cgroup subsys pids
[    1.441289] CPU: Physical Processor ID: 0
[    1.442914] CPU: Processor Core ID: 0
[    1.445444] mce: CPU supports 0 MCE banks
[    1.447090] Last level iTLB entries: 4KB 64, 2MB 8, 4MB 8
[    1.459035] Last level dTLB entries: 4KB 64, 2MB 0, 4MB 0, 1GB 4
[    1.463933] Freeing SMP alternatives memory: 32K (ffffffff820b9000 - ffffffff820c1000)
[    1.487229] ftrace: allocating 32123 entries in 126 pages
[    1.533489] smpboot: APIC(0) Converting physical 0 to logical package 0
[    1.548362] smpboot: Max logical packages: 1
[    1.555027] x2apic enabled
[    1.560173] Switched APIC routing to physical x2apic.
[    1.568816] ..TIMER: vector=0x30 apic1=0 pin1=2 apic2=-1 pin2=-1
[    1.689975] smpboot: CPU0: Intel(R) Core(TM) i5-5350U CPU @ 1.80GHz (family: 0x6, model: 0x3d, stepping: 0x4)
[    1.697559] Performance Events: unsupported p6 CPU model 61 no PMU driver, software events only.
[    1.709746] KVM setup paravirtual spinlock
[    1.722869] x86: Booting SMP configuration:
[    1.726304] .... node  #0, CPUs:      #1
[    1.737212] kvm-clock: cpu 1, msr 1:1ffef041, secondary cpu clock
[    1.758413] mce: CPU supports 0 MCE banks
[    1.770903] x86: Booted up 1 node, 2 CPUs
[    1.778497] smpboot: Total of 2 processors activated (7200.00 BogoMIPS)
[    1.788558] devtmpfs: initialized
[    1.796587] evm: security.selinux
[    1.805905] evm: security.SMACK64
[    1.807866] evm: security.SMACK64EXEC
[    1.810857] evm: security.SMACK64TRANSMUTE
[    1.820219] evm: security.SMACK64MMAP
[    1.824898] evm: security.ima
[    1.826753] evm: security.capability
[    1.832176] clocksource: jiffies: mask: 0xffffffff max_cycles: 0xffffffff, max_idle_ns: 7645041785100000 ns
[    1.837434] pinctrl core: initialized pinctrl subsystem
[    1.841353] RTC time:  3:41:45, date: 11/12/18
[    1.843710] NET: Registered protocol family 16
[    1.854857] cpuidle: using governor ladder
[    1.871732] cpuidle: using governor menu
[    1.875380] PCCT header not found.
[    1.880754] ACPI: bus type PCI registered
[    1.884689] acpiphp: ACPI Hot Plug PCI Controller Driver version: 0.5
[    1.887632] PCI: Using configuration type 1 for base access
[    1.909466] ACPI: Added _OSI(Module Device)
[    1.912496] ACPI: Added _OSI(Processor Device)
[    1.916129] ACPI: Added _OSI(3.0 _SCP Extensions)
[    1.919109] ACPI: Added _OSI(Processor Aggregator Device)
[    1.928773] ACPI: Executed 1 blocks of module-level executable AML code
[    1.933568] ACPI: Interpreter enabled
[    1.936202] ACPI: (supports S0 S5)
[    1.938312] ACPI: Using IOAPIC for interrupt routing
[    1.940900] PCI: Using host bridge windows from ACPI; if necessary, use "pci=nocrs" and report a bug
[    1.952699] ACPI: PCI Root Bridge [PCI0] (domain 0000 [bus 00-ff])
[    1.959594] acpi PNP0A03:00: _OSC: OS supports [ASPM ClockPM Segments MSI]
[    1.972705] acpi PNP0A03:00: _OSC: not requesting OS control; OS requires [ExtendedConfig ASPM ClockPM MSI]
[    1.993248] acpi PNP0A03:00: fail to add MMCONFIG information, can't access extended PCI configuration space under this bridge.
[    1.999424] PCI host bridge to bus 0000:00
[    2.001107] pci_bus 0000:00: root bus resource [io  0x0000-0x0cf7 window]
[    2.009099] pci_bus 0000:00: root bus resource [io  0x0d00-0xffff window]
[    2.011670] pci_bus 0000:00: root bus resource [mem 0x000a0000-0x000bffff window]
[    2.034438] pci_bus 0000:00: root bus resource [mem 0xe0000000-0xfdffffff window]
[    2.051547] pci_bus 0000:00: root bus resource [bus 00-ff]
[    2.069622] pci 0000:00:01.1: legacy IDE quirk: reg 0x10: [io  0x01f0-0x01f7]
[    2.074016] pci 0000:00:01.1: legacy IDE quirk: reg 0x14: [io  0x03f6]
[    2.082838] pci 0000:00:01.1: legacy IDE quirk: reg 0x18: [io  0x0170-0x0177]
[    2.092546] pci 0000:00:01.1: legacy IDE quirk: reg 0x1c: [io  0x0376]
[    2.160896] pci 0000:00:07.0: quirk: [io  0x4000-0x403f] claimed by PIIX4 ACPI
[    2.169147] pci 0000:00:07.0: quirk: [io  0x4100-0x410f] claimed by PIIX4 SMB
[    2.212700] ACPI: PCI Interrupt Link [LNKA] (IRQs 5 9 10 *11)
[    2.217631] ACPI: PCI Interrupt Link [LNKB] (IRQs 5 9 *10 11)
[    2.220525] ACPI: PCI Interrupt Link [LNKC] (IRQs 5 *9 10 11)
[    2.224168] ACPI: PCI Interrupt Link [LNKD] (IRQs 5 9 10 *11)
[    2.227532] ACPI: Enabled 2 GPEs in block 00 to 07
[    2.229893] vgaarb: setting as boot device: PCI:0000:00:02.0
[    2.232012] vgaarb: device added: PCI:0000:00:02.0,decodes=io+mem,owns=io+mem,locks=none
[    2.235604] vgaarb: loaded
[    2.242782] vgaarb: bridge control possible 0000:00:02.0
[    2.251955] SCSI subsystem initialized
[    2.255791] ACPI: bus type USB registered
[    2.257673] usbcore: registered new interface driver usbfs
[    2.259717] usbcore: registered new interface driver hub
[    2.262334] usbcore: registered new device driver usb
[    2.264811] PCI: Using ACPI for IRQ routing
[    2.267220] NetLabel: Initializing
[    2.268838] NetLabel:  domain hash size = 128
[    2.270523] NetLabel:  protocols = UNLABELED CIPSOv4
[    2.274862] NetLabel:  unlabeled traffic allowed by default
[    2.288545] amd_nb: Cannot enumerate AMD northbridges
[    2.293118] clocksource: Switched to clocksource kvm-clock
[    2.307969] AppArmor: AppArmor Filsystem Enabled
[    2.335831] pp: PnP ACPI init
[    2.363870] pnp: PnP ACPI: found 3 devices

[    2.380926] clocksource: acpipm: mask: 0xffffff max_cycles: 0xffffff, max_idle_ns: 2085701024 ns
[    2.410436] NET: Registered protocol family 2

[    2.412633] TCP established hash table entries: 32768 (order: 6, 262144 bytes)
[    2.415544] TCP bind hash table entries: 32768 (order: 7, 524288 bytes)
[    2.420001] TCP: Hash tables configured (established 32768 bind 32768)
[    2.422853] UDP hash tabe entries: 2048 (order: 4, 65536 bytes)
[    2.450814] UDP-Lite hash table entries: 2048 (order: 4, 65536 bytes)
[    2.453248] NET: Registered protocol family 1
[    2.455163] pci 0000:00:00.0: Limiting direct PCI/PCI transfers
[    2.457985] pci 0000:00:01.0: Activating ISA DMA hang workarounds
[    2.460662] Trying to unpack rootfs image as initramfs...

[    4.39503] Freeing initr memory:10804K (ffff880036ad6000 - ffff880037563000)
[    4.471146] PCI-DMA: Using software bounce buffering for IO (SWIOTLB)
[    4.474695] software IO TLB [mem 0xdbff0000-0xdfff0000] (64MB) mapped at [ffff8800dbff0000-ffff8800dffeffff]

[    4.479327] RAPL PMU detected, API unit is 2^-32 Joules, 4 fixed counters 10737418240 ms ovfl timer
[    4.483157] hw unit of domain pp0-core 2^-0 Joules
[    4.484984] hw unit of domain package 2^-0 Joules
[    4.486866] hw unit of domain dram 2^-0 Joules
[    4.488597] hw unit of domain pp1-gpu 2^-0 Joules
[    4.494194] platform rtc_cmos: reistered platform RTC device (no PNP device found)
[    4.523211] Scanning for low memory corruption every 60 seconds

[    4.527419] futex hash table entries: 512 (order: 3, 32768 bytes)
[    4.530391] audit: initializing netlink subsys (disabled)
[    4.542484] audit: type=2000 audit(1541994113.468:1): initialized
[    4.546337] Initialise system trusted keyring
[    4.550123] HugeTLB registered 2 MB page size, pre-allocated 0 pages
[    4.554293] zbud: loaded
[    4.556390] VFS: Disk quotas dquot_6.6.0
[    4.570274] VFS: Dquot-cache hash table entries: 512 (order 0, 4096 bytes)
[    4.578884] squashfs: version 4.0 (2009/01/31) Phillip Lougher
[    4.585499] fuse init (API version 7.23)
[    4.591495] Key type big_key registered
[    4.594270] Allocating IMA MOK and blacklist keyrings.
[    4.599350] Key type asymmetric registered
[    4.600945] Asymmetric key parser 'x509' registered
[    4.607621] Block layer SCSI generic (bsg) driver version 0.4 loaded (major 249)
[    4.626623] io scheduler noop registered
[    4.631312] io scheduler deadline registered (default)
[    4.638283] io scheduler cfq registered
[    4.641354] pci_hotplug: PCI Hot Plug PCI Core version: 0.5
[    4.650567] pciehp: PCI Express Hot Plug Controller Driver version: 0.4
[    4.663282] ACPI: AC Adapter [AC] (off-line)
[    4.669068] input: Power Button as /devices/LNXSYSTM:00/LNXPWRBN:00/input/input0
[    4.673292] ACPI: Power Button [PWRF]
[    4.674885] input: Sleep Button as /devices/LNXSYSTM:00/LNXSLPBN:00/input/input1
[    4.686562] ACPI: Sleep Button [SLPF]
[    4.690687] GHES: HEST is not enabled!
[    4.692403] ACPI: Battery Slot [BAT0] (battery present)
[    4.709289] Serial: 8250/16550 driver 32 ports, IRQ sharing enabled
[    4.763354] 0002: ttyS0 at I/O 0x3f8 (irq = 4, base_baud = 115200) is a 16550A

[    4.796986] Linux agpgart interface v0.103
[    4.804230] brd: module loaded
[    4.807772] loop: module loaded
[    4.809812] scsi host0: ata_piix
[    4.815700] scsi host1: ata_piix
[    4.822374] ata1: PATA max UDMA/33 cmd 0x1f0 ctl 0x3f6 bmdma 0xd000 irq 14
[    4.832270] ata2: PATA max UDMA/33 cmd 0x170 ctl 0x376 bmdma 0xd008 irq 15
[    4.841283] libphy: Fixed MDIO Bus: probed
[    4.845679] tun: Universal TUN/TAP device driver, 1.6
[    4.849116] tun: (C) 1999-2004 Max Krasnyansky <maxk@qualcomm.com>
[    4.866459] PPP generic driver version 2.4.2
[    4.885632] ehci_hcd: USB 2.0 'Enhanced' Host Controller (EHCI) Driver
[    4.898082] ehci-pci: EHCI PCI platform driver
[    4.903747] ehci-platform: EHCI generic platform driver
[    4.906328] ohci_hcd: USB 1.1 'Open' Host Controller (OHCI) Driver
[    4.909095] ohci-pci: OHCI PCI platform driver
[    4.910872] ohci-platform: OHCI generic platform driver
[    4.912808] uhci_hcd: USB Universal Host Controller Interface driver
[    4.920745] i8042: PNP: PS/2 Controller [PNP0303:PS2K,PNP0f03:PS2M] at 0x60,0x64 irq 1,12
[    4.931940] serio: i8042 KBD port at 0x60,0x64 irq 1
[    4.934637] serio: i8042 AUX port at 0x60,0x64 irq 12
[    4.940464] mousedev: PS/2 mouse device common for all mice
[    4.952682] input: AT Translated Set 2 keyboard as /devices/platform/i8042/serio0/input/input2
[    4.958165] rtc_cmos rtc_cmos: rtc core: registered rtc_cmos as rtc0
[    4.958232] rtc_cmos rtc_cmos: alarms up to one day, 114 bytes nvram
[    4.958240] i2c /dev entries driver
[    4.958300] device-mapper: uevent: version 1.0.3
[    4.958350] device-mapper: ioctl: 4.34.0-ioctl (2015-10-28) initialised: dm-devel@redhat.com
[    4.958372] ledtrig-cpu: registered to indicate activity on CPUs
[    4.958627] NET: Registered protocol family 10
[    4.958834] NET: Registered protocol family 17
[    4.958845] Key type dns_resolver registered
[    4.964165] microcode: CPU0 sig=0x306d4, pf=0x40, revision=0x0
[    4.964185] microcode: CPU1 sig=0x306d4, pf=0x40, revision=0x0
[    4.964240] microcode: Microcode Update Driver: v2.01 <tigran@aivazian.fsnet.co.uk>, Peter Oruba
[    4.964426] registered taskstats version 1
[    4.964441] Loading compiled-in X.509 certificates
[    4.965403] Loaded X.509 cert 'Build time autogenerated kernel key: 32ca4feee90b5cde51f5f8c0e024b22f8c679982'
[    4.965433] zswap: loaded using pool lzo/zbud
[    4.967098] Key type trusted registered
[    4.969760] Key type encrypted registered
[    4.969766] AppArmor: AppArmor sha1 policy hashing enabled
[    4.969769] ima: No TPM chip found, activating TPM-bypass!
[    4.969789] evm: HMAC attrs: 0x1
[    4.970383]   Magic number: 10:380:664
[    4.973805] rtc_cmos rtc_cmos: setting system clock to 2018-11-12 03:41:48 UTC (1541994108)
[    4.973897] BIOS EDD facility v0.16 2004-Jun-25, 0 devices found
[    4.973898] EDD information not available.
[    5.068541] Freeing unused kernel memory: 1488K (ffffffff81f45000 - ffffffff820b9000)
[    5.072206] Write protecting the kernel read-only data: 14336k
[    5.075081] Freeing unused kernel memory: 1776K (ffff880001844000 - ffff880001a00000)
[    5.078814] Freeing unused kernel memory: 116K (ffff880001de3000 - ffff880001e00000)
Loading, please wait...
starting version[    5.098717] random: systemd-udevd: uninitialized urandom read (16 bytes read, 3 bits of entropy available)
 229
[    5.099424] random: udevadm: uninitialized urandom read (16 bytes read, 3 bits of entropy available)
[    5.099462] random: udevadm: uninitialized urandom read (16 bytes read, 3 bits of entropy available)
[    5.099582] random: udevadm: uninitialized urandom read (16 bytes read, 3 bits of entropy available)
[    5.099624] random: udevadm: uninitialized urandom read (16 bytes read, 3 bits of entropy available)
[    5.099664] random: udevadm: uninitialized urandom read (16 bytes read, 3 bits of entropy available)
[    5.099704] random: udevadm: uninitialized urandom read (16 bytes read, 3 bits of entropy available)
[    5.099744] random: udevadm: uninitialized urandom read (16 bytes read, 3 bits of entropy available)
[    5.099782] random: udevadm: uninitialized urandom read (16 bytes read, 3 bits of entropy available)
[    5.099819] random: udevadm: uninitialized urandom read (16 bytes read, 3 bits of entropy available)
[    5.248258] e1000: Intel(R) PRO/1000 Network Driver - version 7.3.21-k8-NAPI
[    5.262656] e1000: Copyright (c) 1999-2006 Intel Corporation.
[    5.283448] Fusion MPT base driver 3.04.20
[    5.285661] Copyright (c) 1999-2008 LSI Corporation
[    5.323953] AVX2 version of gcm_enc/dec engaged.
[    5.335984] AES CTR mode by8 optimization enabled
[    5.350260] Fusion MPT SPI Host driver 3.04.20
[    5.353373] mptbase: ioc0: Initiating bringup
[    5.418751] ioc0: LSI53C1030 A0: Capabilities={Initiator}
[    5.494149] tsc: Refined TSC clocksource calibration: 1800.968 MHz
[    5.501166] clocksource: tsc: mask: 0xffffffffffffffff max_cycles: 0x19f5bbf401f, max_idle_ns: 440795227032 ns
[    5.517043] input: ImExPS/2 Generic Explorer Mouse as /devices/platform/i8042/serio1/input/input4
[    5.596069] scsi host2: ioc0: LSI53C1030 A0, FwRev=00000000h, Ports=1, MaxQ=256, IRQ=20
[    5.714629] scsi 2:0:0:0: Direct-Access     VBOX     HARDDISK         1.0  PQ: 0 ANSI: 5
[    5.723423] scsi target2:0:0: Beginning Domain Validation
[    5.730583] scsi target2:0:0: Domain Validation skipping write tests
[    5.735093] scsi target2:0:0: Ending Domain Validation
[    5.737259] scsi target2:0:0: asynchronous
[    5.740272] scsi 2:0:1:0: Direct-Access     VBOX     HARDDISK         1.0  PQ: 0 ANSI: 5
[    5.743994] scsi target2:0:1: Beginning Domain Validation
[    5.749172] scsi target2:0:1: Domain Validation skipping write tests
[    5.757025] scsi target2:0:1: Ending Domain Validation
[    5.759380] scsi target2:0:1: asynchronous
[    5.884687] sd 2:0:0:0: Attached scsi generic sg0 type 0
[    5.888878] sd 2:0:0:0: [sda] 419430400 512-byte logical blocks: (215 GB/200 GiB)
[    5.898479] sd 2:0:1:0: Attached scsi generic sg1 type 0
[    5.901263] sd 2:0:1:0: [sdb] 20480 512-byte logical blocks: (10.5 MB/10.0 MiB)
[    5.906286] sd 2:0:1:0: [sdb] Write Protect is off
[    5.908655] sd 2:0:0:0: [sda] Write Protect is off
[    5.910645] sd 2:0:1:0: [sdb] Incomplete mode parameter data
[    5.912834] sd 2:0:1:0: [sdb] Assuming drive cache: write through
[    5.921075] sd 2:0:0:0: [sda] Incomplete mode parameter data
[    5.923327] sd 2:0:0:0: [sda] Assuming drive cache: write through
[    5.935871]  sda: sda1
[    5.940134] sd 2:0:0:0: [sda] Attached SCSI disk
[    5.943919] sd 2:0:1:0: [sdb] Attached SCSI disk
[    6.499026] e1000 0000:00:03.0 eth0: (PCI:33MHz:32-bit) 02:6f:7d:42:85:2c
[    6.502572] e1000 0000:00:03.0 eth0: Intel(R) PRO/1000 Network Connection
[    7.559854] e1000 0000:00:08.0 eth1: (PCI:33MHz:32-bit) 08:00:27:34:71:b1
[    7.575999] e1000 0000:00:08.0 eth1: Intel(R) PRO/1000 Network Connection
[    7.581725] e1000 0000:00:08.0 enp0s8: renamed from eth1
[    7.594121] e1000 0000:00:03.0 enp0s3: renamed from eth0
[    8.234620] floppy0: no floppy controllers found
Begin: Loading essential drivers ... [    9.610136] md: linear personality registered for level -1
[    9.620168] md: multipath personality registered for level -4
[    9.631341] md: raid0 personality registered for level 0
[    9.639377] md: raid1 personality registered for level 1
[    9.713294] raid6: sse2x1   gen()  8279 MB/s
[    9.793286] raid6: sse2x1   xor()  2993 MB/s
[    9.869255] raid6: sse2x2   gen()  7160 MB/s
[    9.945699] raid6: sse2x2   xor()  6980 MB/s
[   10.021593] raid6: sse2x4   gen() 11968 MB/s
[   10.093527] raid6: sse2x4   xor()  8297 MB/s
[   10.165157] raid6: avx2x1   gen() 16076 MB/s
[   10.243270] raid6: avx2x2   gen() 18739 MB/s
[   10.317191] raid6: avx2x4   gen() 19992 MB/s
[   10.323203] raid6: using algorithm avx2x4 gen() 19992 MB/s
[   10.326004] raid6: using avx2x2 recovery algorithm
[   10.334490] xor: automatically using best checksumming function:
[   10.377191]    avx       : 16093.000 MB/sec
[   10.387688] async_tx: api initialized (async)
[   10.414992] md: raid6 personality registered for level 6
[   10.426374] md: raid5 personality registered for level 5
[   10.432667] md: raid4 personality registered for level 4
[   10.456640] md: raid10 personality registered for level 10
done.
Begin: Running /scripts/init-premount ... done.
Begin: Mounting root file system ... Begin: Running /scripts/local-top ... done.
Begin: Running /scripts/local-premount ... [   10.510629] Btrfs loaded
Scanning for Btrfs filesystems
done.
Warning: fsck not present, so skipping root file system
[   10.634500] EXT4-fs (sda1): mounted filesystem with ordered data mode. Opts: (null)
done.
Begin: Running /scripts/local-bottom ... done.
Begin: Running /scripts/init-bottom ... done.
[   10.883382] systemd[1]: systemd 229 running in system mode. (+PAM +AUDIT +SELINUX +IMA +APPARMOR +SMACK +SYSVINIT +UTMP +LIBCRYPTSETUP +GCRYPT +GNUTLS +ACL +XZ -LZ4 +SECCOMP +BLKID +ELFUTILS +KMOD -IDN)
[   10.893078] systemd[1]: Detected virtualization oracle.
[   10.904186] systemd[1]: Detected architecture x86-64.

Welcome to [1mUbuntu 16.04.2 LTS[0m!

[   10.927874] systemd[1]: Set hostname to <ubuntu-xenial>.
[   11.431825] systemd[1]: Reached target User and Group Name Lookups.
[[0;32m  OK  [0m] Reached target User and Group Name Lookups.
[   11.463470] systemd[1]: Listening on Syslog Socket.
[[0;32m  OK  [0m] Listening on Syslog Socket.
[   11.495097] systemd[1]: Created slice System Slice.
[[0;32m  OK  [0m] Created slice System Slice.
[   11.510790] systemd[1]: Created slice system-serial\x2dgetty.slice.
[[0;32m  OK  [0m] Created slice system-serial\x2dgetty.slice.
[   11.534787] systemd[1]: Created slice User and Session Slice.
[[0;32m  OK  [0m] Created slice User and Session Slice.
[   11.549804] systemd[1]: Listening on LVM2 metadata daemon socket.
[[0;32m  OK  [0m] Listening on LVM2 metadata daemon socket.
[   11.557861] systemd[1]: Listening on Journal Socket.
[[0;32m  OK  [0m] Listening on Journal Socket.
[   11.582031] systemd[1]: Starting Uncomplicated firewall...
         Starting Uncomplicated firewall...
[   11.604654] systemd[1]: Starting Create list of required static device nodes for the current kernel...
         Starting Create list of required st... nodes for the current kernel...
[   11.624398] systemd[1]: Mounting Huge Pages File System...
         Mounting Huge Pages File System...
[   11.638816] systemd[1]: Mounting Debug File System...
         Mounting Debug File System...
[   11.649136] systemd[1]: Starting Nameserver information manager...
         Starting Nameserver information manager...
[   11.682097] systemd[1]: Starting Load Kernel Modules...
         Startin[   11.696050] Loading iSCSI transport class v2.0-870.
g Load Kernel Modules...
[   11.706844] systemd[1]: Listening on Journal Audit Socket.
[[0;32m  OK  [0m] Listening on Journal Audit Socket.
[   11.719403] iscsi: registered transport (tcp)
[   11.726000] systemd[1]: Listening on Journal Socket (/dev/log).
[[0;32m  OK  [0m] Listening on Journal Socket (/dev/log).
[   11.761488] systemd[1]: Starting Journal Service...
[   11.764491] iscsi: registered transport (iser)
         Starting Journal Service...
[   11.771868] systemd[1]: Listening on Device-mapper event daemon FIFOs.
[[0;32m  OK  [0m] Listening on Device-mapper event daemon FIFOs.
[   11.789514] systemd[1]: Reached target Encrypted Volumes.
[[0;32m  OK  [0m] Reached target Encrypted Volumes.
[   11.798478] systemd[1]: Listening on udev Control Socket.
[[0;32m  OK  [0m] Listening on udev Control Socket.
[   11.810010] systemd[1]: Reached target Slices.
[[0;32m  OK  [0m] Reached target Slices.
[   11.835239] systemd[1]: Listening on udev Kernel Socket.
[[0;32m  OK  [0m] Listening on udev Kernel Socket.
[   11.867263] systemd[1]: Starting Monitoring of LVM2 mirrors, snapshots etc. using dmeventd or progress polling...
         Starting Monitoring of LVM2 mirrors... dmeventd or progress polling...
[   11.886578] systemd[1]: Listening on /dev/initctl Compatibility Named Pipe.
[[0;32m  OK  [0m] Listening on /dev/initctl Compatibility Named Pipe.
[   11.925864] systemd[1]: Starting Set console keymap...
[   11.927510] random: nonblocking pool is initialized
         Starting Set console keymap...
[   11.959471] systemd[1]: Reached target Swap.
[[0;32m  OK  [0m] Reached target Swap.
[   11.970801] systemd[1]: Set up automount Arbitrary Executable File Formats File System Automount Point.
[[0;32m  OK  [0m] Set up automount Arbitrary Executab...ats File System Automount Point.
[   12.017831] systemd[1]: Starting Remount Root and Kernel File Systems...
[   12.024024] EXT4-fs (sda1): re-mounted. Opts: (null)
         Starting Remount Root and Kernel File Systems...
[   12.743302] systemd[1]: Started Forward Password Requests to Wall Directory Watch.
[[0;32m  OK  [0m] Started Forward Password Requests to Wall Directory Watch.
[   12.762684] systemd[1]: Listening on LVM2 poll daemon socket.
[[0;32m  OK  [0m] Listening on LVM2 poll daemon socket.
[   12.786066] systemd[1]: Mounting POSIX Message Queue File System...
         Mounting POSIX Message Queue File System...
[   12.798639] systemd[1]: Mounted POSIX Message Queue File System.
[[0;32m  OK  [0m] Mounted POSIX Message Queue File System.
[   12.826439] systemd[1]: Mounted Huge Pages File System.
[[0;32m  OK  [0m] Mounted Huge Pages File System.
[   12.834096] systemd[1]: Mounted Debug File System.
[[0;32m  OK  [0m] Mounted Debug File System.
[   12.843134] systemd[1]: Started Journal Service.
[[0;32m  OK  [0m] Started Journal Service.
[[0;32m  OK  [0m] Started Uncomplicated firewall.
[[0;32m  OK  [0m] Started Create list of required sta...ce nodes for the current kernel.
[[0;32m  OK  [0m] Started Load Kernel Modules.
[[0;32m  OK  [0m] Started Set console keymap.
[[0;32m  OK  [0m] Started Remount Root and Kernel File Systems.
[[0;32m  OK  [0m] Started Nameserver information manager.
[[0;32m  OK  [0m] Started LVM2 metadata daemon.
         Starting Initial cloud-init job (pre-networking)...
         Starting udev Coldplug all Devices...
         Starting Load/Save Random Seed...
         Starting Apply Kernel Variables...
         Mounting FUSE Control File System...
         Starting Create Static Device Nodes in /dev...
         Starting Flush Journal to Persistent Storage...
[[0;32m  OK  [0m] Mounted FUSE Control File System.
[[0;32m  OK  [0m] Started Load/Save Random Seed.
[[0;32m  OK  [0m] Started Apply Kernel Variables.
[[0;32m  OK  [0m] Started Create Static Device Nodes in /dev.
[[0;32m  OK  [0m] Started udev Coldplug all Devices.
[[0;32m  OK  [0m] Started Flush Journal to Persistent Storage.
         Starting udev Kernel Device Manager...
[[0;32m  OK  [0m] Started udev Kernel Device Manager.
[[0;32m  OK  [0m] Started Dispatch Password Requests to Console Directory Watch.
[[0;32m  OK  [0m] Started Monitoring of LVM2 mirrors,...ng dmeventd or progress polling.
[[0;32m  OK  [0m] Reached target Local File Systems (Pre).
[[0;32m  OK  [0m] Reached target Local File Systems.
         Starting Create Volatile Files and Directories...
         Starting LSB: AppArmor initialization...
         Starting Tell Plymouth To Write Out Runtime Data...
         Starting Set console font and keymap...
[[0;32m  OK  [0m] Started Create Volatile Files and Directories.
[[0;32m  OK  [0m] Started Tell Plymouth To Write Out Runtime Data.
[[0;32m  OK  [0m] Found device /dev/ttyS0.
         Starting Update UTMP about System Boot/Shutdown...
[[0;32m  OK  [0m] Reached target System Time Synchronized.
[[0;32m  OK  [0m] Started Update UTMP about System Boot/Shutdown.
[[0;32m  OK  [0m] Started LSB: AppArmor initialization.
[[0;32m  OK  [0m] Started Set console font and keymap.
[[0;32m  OK  [0m] Created slice system-getty.slice.
[[0;32m  OK  [0m] Found device 82540EM Gigabit Ethern...r (PRO/1000 MT Desktop Adapter).
[[0;32m  OK  [0m] Listening on Load/Save RF Kill Switch Status /dev/rfkill Watch.
[   13.323951] cloud-init[479]: Cloud-init v. 0.7.9 running 'init-local' at Mon, 12 Nov 2018 03:41:58 +0000. Up 12.90 seconds.
[[0;32m  OK  [0m] Started Initial cloud-init job (pre-networking).
[[0;32m  OK  [0m] Reached target Network (Pre).
[[0;32m  OK  [0m] Started ifup for enp0s3.
         Starting Raise network interfaces...
[[0;32m  OK  [0m] Started Raise network interfaces.
         Starting Initial cloud-init job (metadata service crawler)...
[[0;32m  OK  [0m] Reached target Network.
[   15.897729] cloud-init[1110]: Cloud-init v. 0.7.9 running 'init' at Mon, 12 Nov 2018 03:42:00 +0000. Up 15.37 seconds.
[   15.945033] cloud-init[1110]: ci-info: ++++++++++++++++++++++++++++++++++++++Net device info++++++++++++++++++++++++++++++++++++++
[   15.981509] cloud-init[1110]: ci-info: +--------+-------+----------------------------+---------------+-------+-------------------+
[   15.997124] cloud-init[1110]: ci-info: | Device |   Up  |          Address           |      Mask     | Scope |     Hw-Address    |
[   16.012457] cloud-init[1110]: ci-info: +--------+-------+----------------------------+---------------+-------+-------------------+
[   16.013279] cloud-init[1110]: ci-info: | enp0s3 |  True |         10.0.2.15          | 255.255.255.0 |   .   | 02:6f:7d:42:85:2c |
[[0;32m  OK  [0m] Started Initial cloud-init job (metadata service crawler).
[   16.013906] cloud-init[1110]: ci-info: | enp0s3 |  True | fe80::6f:7dff:fe42:852c/64 |       .       |  link | 02:6f:7d:42:85:2c |
[[0;32m  OK  [0m] Reached target Cloud-config availability.
[   16.091064] cloud-init[1110]: ci-info: |   lo   |  True |         127.0.0.1          |   255.0.0.0   |   .   |         .         |
[[   16.095920] cloud-init[1110]: ci-info: |   lo   |  True |          ::1/128           |       .       |  host |         .         |
[   16.140474] cloud-init[1110]: ci-info: | enp0s8 | False |             .              |       .       |   .   | 08:00:27:34:71:b1 |
[   16.140556] cloud-init[1110]: ci-info: +--------+-------+----------------------------+---------------+-------+-------------------+
[0;32m  OK  [0m[   16.140693] ] cloud-initReached target System Initialization.[1110]: 
ci-info: +++++++++++++++++++++++++++Route IPv4 info++++++++++++++++++++++++++++
[   16.142698] cloud-init[1110]: ci-info: +-------+-------------+----------+---------------+-----------+-------+
[   16.328801] cloud-init[1110]: ci-info: | Route | Destination | Gateway  |    Genmask    | Interface | Flags |
[   16.329759] cloud-init[1110]: ci-info: +-------+-------------+----------+---------------+-----------+-------+
[   16.335028] cloud-init[1110]: ci-info: |   0   |   0.0.0.0   | 10.0.2.2 |    0.0.0.0    |   enp0s3  |   UG  |
         Starting LXD - unix socket.
[   16.336399] cloud-init[1110]: ci-info: |   1   |   10.0.2.0  | 0.0.0.0  | 255.255.255.0 |   enp0s3  |   U   |
[   16.362832] cloud-init[1110]: ci-info: +-------+-------------+----------+---------------+-----------+-------+
[[0;32m  OK  [0m] Started Daily apt activities.
[[0;32m  OK  [0m] Started Timer to automatically refresh installed snaps.
[[0;32m  OK  [0m] Listening on UUID daemon activation socket.
         Starting Socket activation for snappy daemon.
[[0;32m  OK  [0m] Listening on ACPID Listen Socket.
[[0;32m  OK  [0m] Started Daily Cleanup of Temporary Directories.
[[0;32m  OK  [0m] Reached target Timers.
[[0;32m  OK  [0m] Started Trigger resolvconf update for networkd DNS.
[[0;32m  OK  [0m] Listening on D-Bus System Message Bus Socket.
[[0;32m  OK  [0m] Started ACPI Events Check.
[[0;32m  OK  [0m] Reached target Paths.
[[0;32m  OK  [0m] Reached target Network is Online.
         Starting iSCSI initiator daemon (iscsid)...
[[0;32m  OK  [0m] Listening on LXD - unix socket.
[[0;32m  OK  [0m] Listening on Socket activation for snappy daemon.
[[0;32m  OK  [0m] Started iSCSI initiator daemon (iscsid).
         Starting Login to default iSCSI targets...
[[0;32m  OK  [0m] Reached target Sockets.
[[0;32m  OK  [0m] Reached target Basic System.
         Starting Login Service...
         Starting vboxadd.service...
         Starting Accounts Service...
         Starting LSB: MD monitoring daemon...
         Starting /etc/rc.local Compatibility...
         Starting Apply the settings specified in cloud-config...
         Starting LSB: Record successful boot for GRUB...
         Starting MySQL Community Server...
[[0;32m  OK  [0m] Started D-Bus System Message Bus.
[[0;32m  OK  [0m] Started Regular background program processing daemon.
[[0;32m  OK  [0m] Started Deferred execution scheduler.
[[0;32m  OK  [0m] Started Snappy daemon.
         Starting Auto import assertions from block devices...
[[0;32m  OK  [0m] Started FUSE filesystem for LXC.
         Starting Apache Tomcat Web Application Container...
         Starting vboxadd-x11.service...
[[0;32m  OK  [0m] Started ACPI event daemon.
         Starting OpenBSD Secure Shell server...
         Starting System Logging Service...
         Starting LXD - container startup/shutdown...
[[0;32m  OK  [0m] Started System Logging Service.
[[0;32m  OK  [0m] Started OpenBSD Secure Shell server.
[[0;32m  OK  [0m] Started /etc/rc.local Compatibility.
[[0;32m  OK  [0m] Started Auto import assertions from block devices.
[[0;32m  OK  [0m] Started Apache Tomcat Web Application Container.
[[0;32m  OK  [0m] Started LXD - container startup/shutdown.
[[0;32m  OK  [0m] Started Login to default iSCSI targets.
[[0;32m  OK  [0m] Started LSB: Record successful boot for GRUB.
[[0;32m  OK  [0m] Started LSB: MD monitoring daemon.
[[0;32m  OK  [0m] Started vboxadd-x11.service.
[[0;32m  OK  [0m] Started Login Service.
         Starting Authenticate and Authorize Users to Run Privileged Tasks...
[[0;32m  OK  [0m] Reached target Remote File Systems (Pre).
[[0;32m  OK  [0m] Reached target Remote File Systems.
         Starting Permit User Sessions...
         Starting LSB: Set the CPU Frequency Scaling governor to "ondemand"...
         Starting LSB: daemon to balance interrupts for SMP systems...
         Starting LSB: automatic crash report generation...
         Starting LSB: Apache2 web server...
[[0;32m  OK  [0m] Started Permit User Sessions.
[[0;32m  OK  [0m] Started Authenticate and Authorize Users to Run Privileged Tasks.
[[0;32m  OK  [0m] Started Accounts Service.
         Starting Terminate Plymouth Boot Screen...
         Starting Hold until boot process finishes up...
[[0;32m  OK  [0m] Started vboxadd.service.
[[0;32m  OK  [0m] Started LSB: daemon to balance interrupts for SMP systems.
[[0;32m  OK  [0m] Started LSB: automatic crash report generation.
[[0;32m  OK  [0m] Started Terminate Plymouth Boot Screen.
[[0;32m  OK  [0m] Started Hold until boot process finishes up.
[[0;32m  OK  [0m] Started LSB: Set the CPU Frequency Scaling governor to "ondemand".
[[0;32m  OK  [0m] Created slice User Slice of ubuntu.
[[0;32m  OK  [0m] Started Session 1 of user ubuntu.
         Starting User Manager for UID 1000...
         Starting Set console scheme...
[[0;32m  OK  [0m] Started Getty on tty1.
[[0;32m  OK  [0m] Started Serial Getty on ttyS0.
[[0;32m  OK  [0m] Reached target Login Prompts.
         Starting vboxadd-service.service...
[[0;32m  OK  [0m] Started User Manager for UID 1000.
[[0;32m  OK  [0m] Started Set console scheme.
[[0;32m  OK  [0m] Started vboxadd-service.service.
[[0;32m  OK  [0m] Started LSB: Apache2 web server.
[   19.122447] cloud-init[1181]: Cloud-init v. 0.7.9 running 'modules:config' at Mon, 12 Nov 2018 03:42:04 +0000. Up 18.84 seconds.
[[0;32m  OK  [0m] Started Apply the settings specified in cloud-config.
[[0;32m  OK  [0m] Started MySQL Community Server.
[[0;32m  OK  [0m] Reached target Multi-User System.
         Starting Execute cloud user/final scripts...
[[0;32m  OK  [0m] Reached target Graphical Interface.
         Starting Update UTMP about System Runlevel Changes...
[[0;32m  OK  [0m] Started Update UTMP about System Runlevel Changes.
[   21.187077] cloud-init[1577]: Cloud-init v. 0.7.9 running 'modules:final' at Mon, 12 Nov 2018 03:42:06 +0000. Up 20.83 seconds.
[   21.195806] cloud-init[1577]: Cloud-init v. 0.7.9 finished at Mon, 12 Nov 2018 03:42:06 +0000. Datasource DataSourceNoCloud [seed=/dev/sdb][dsmode=net].  Up 21.16 seconds
[[0;32m  OK  [0m] Started Execute cloud user/final scripts.
[[0;32m  OK  [0m] Reached target Cloud-init target.

Ubuntu 16.04.2 LTS jenkins ttyS0

jenkins login: 