[    0.000000] Initializing cgroup subsys cpuset
[    0.000000] Initializing cgroup subsys cpu
[    0.000000] Initializing cgroup subsys cpuacct
[    0.000000] Linux version 4.4.0-137-genric (buildd@lgw01-amd64-037) (gcc version 5.4.0 20160609 (Ubuntu 5.4.0-6ubuntu1~16.04.10) ) #163-Ubuntu SMP Mon Sep 24 13:14:43 UTC 2018 (Ubuntu 4.4.0-137.163-generic 4.4.144)
[    0.000000] Command line: BOOT_IMAGE=/boot/vmlinuz-4.4.0-137-generic root=UUID=86661846-cf4a-4838-94f6-f115ec1431a0 ro console=tty1 console=ttyS0
[    0.000000] KERNEL supported cpus:
[    0.000000]   Intel GenuineIntel
[    0.000000]   AMD AuthenticAMD
[    0.000000]   Centaur CentaurHauls
[    0.000000] x86/fpu: xstate_offset[2]:  576, xstate_sizees[2]:  256
[   00000]86/fpu: Supporting XSAVE feate x01: 'x87 floating point registers'
[    0.000000] x86/fpu: Supporting XSAVE feature 0x02: 'SSE registers'
[    0.000000] x86/fpu: Supporting XSAVE feature 0x04: 'AVX registers'
[    0.000000] x86/fpu: Enabled xstate features 0x7, context size is 832 bytes, using 'standard' format.
[   .000000] e820: BIOS-provided physical RAM  map:
[    0.000000] BIOS-e820: [mem 0x0000000000000000-0x000000000009fbff] usable
[    0.000000] BIOS-e820: [mem 0x000000000009fc00-0x000000000009ffff] reserved
[    0.000000] BIOS-e820: [mem 0x00000000000f0000-0x00000000000fffff] reserved
[    0.000000] BIOS-e820: [mem 0x0000000000100000-0x00000000dffeffff] usable
[    0.000000] BIOS-e820: [mem 0x00000000dfff0000-0x00000000dfffffff] ACPI data
[    0.000000] BIOS-e820: [mem 0x00000000fec00000-0x00000000fec00fff] reserved
[    0.000000] BIOS-e820: [mem 0x00000000fee00000-0x00000000fee00fff] reserved
[    0.000000] BIOS-e820: [mem 0x00000000fffc0000-0x00000000ffffffff] reserved
[    0.000000] BIOS-e820: [mem 0x0000000100000000-0x000000011fffffff] usable
[    0.000000] NX (Execute Disable) protetion: active
[    0.000000] SMBIOS 2.5 present.
[    0.000000] Hypervisor detected: KVM
[    0.000000] e820: last_pfn = 0x120000 max_arch_pfn = 0x400000000
[    0.000000] MTRR: Disabled
[    0.000000] x86/PAT: MTRRs disabled, skipping PAT initialization too.
[    0.000000] CPU MTRRs all blank - virtualized system.
[    0.000000] x86/PAT: Configuration [0-7]: WB  WT  UC- UC  WB  WT  UC- UC  
[    0.000000] e820: last_pfn = 0xdfff0 max_arch_pfn = 0x400000000
[    0.000000] found SMP MP-table at [mem 0x0009fff0-0x0009ffff] mapped at [ffff88000009fff0]
[    0.000000] Scanning 1 areas for low memory corruption
[    0.000000] RAMDISK: [mem 0x36208000-0x370fbfff]
[    0.000000] ACPI: Early tabe hecksum verification disabled
[    0.000000] ACPI: RSDP 0x00000000000E0000 000024 (v02 VBOX  )
[    0.000000] ACPI: XSDT 0x00000000DFFF0030 00003C (v01 VBOX   VBOXXSDT 00000001 ASL  00000061)
[    0.000000] ACPI: FACP 0x00000000DFFF00F0 0000F4 (v04 VBOX   VBOXFACP 00000001 ASL  00000061)
[   0.000000] ACPI: DSDT 0x00000000DFFF0470 0021FF (v0 VOX  VBOXBIOS 00000002 INTL 20100528)
[  0000000] ACPI: FACS 0x00000000DFFF0200 000040
[   000000] ACPI: FACS 0x00000000DFFF0200 000040
[   .000000] ACPI: APIC 0x00000000DFFF0240 00005C (v02 VOX   VBXAIC 0000001AS  00000061)
[    0.000000] ACPI: SSDT 0x00000000DFFF02A0 0001CC (v01 VBOX   VBOXCPUT 00000002 INTL 20100528)
[    0.000000] No NUMA configuration found
[    0.000000] Faking a node at [mem 0x0000000000000000-0x000000011fffffff]
[    0.000000] NODE_DATA(0) allocated [mem 0x11fff7000-0x11fffbfff]
[    0.000000] kvm-clock: Usngmmsrs 4b564d01 and 4b564d00
[   000000] kvm-clock: cpu 0, msr 1:1ffef001, primary cpu clock
[  0000000] kvm-clock: using sched offset of 4132241450 cycles
[    0.000000] clocksource: kvm-clock: mask: 0xffffffffffffffff max_cycles: 0x1cd42e4dffb, max_idle_ns: 881590591483 ns
[   000000 Zone ranges:
[  0.000000]   DMA      [mem 0x0000000000001000-0x0000000000ffffff]
[    0.000000]   DMA32    [mem 0x0000000001000000-0x00000000ffffffff]
[    0.000000]   Normal   [mem 0x0000000100000000-0x000000011fffffff]
[    0.000000]   Device   empty
[    0.000000] Movable zone start for each node
[    0.000000] Early memory node ranges
[    0.000000]   node   0: [mem 0x0000000000001000-0x000000000009efff]
[    0.000000]   node   0: [mem 0x0000000000100000-0x00000000dffeffff]
[    0.000000]   node   0: [mem 0x0000000100000000-0x000000011fffffff]
[    0.000000] Initmem setup node 0 [mem 0x0000000000001000-0x000000011fffffff]
[    0.000000] ACPI: PM-Timer IO Port: 0x4008
[    0.000000] IOAPIC[0]: apic_id 2, version 32, address 0xfec00000, GSI 0-23
[    0.000000] ACPI: INT_SRC_OVR (bus 0 bus_irq 0 global_irq 2 dfl dfl)
[    0.000000] ACPI: INT_SRC_OVR (bus 0 bus_irq 9 global_irq 9 low level)
[    0.000000] Using ACPI (MADT) for SMP configuration information
[    0.000000] smpboot: Allowing 2 CPUs, 0 hotplug CPUs
[    0.000000] PM: Registered nosave memory: [mem 0x00000000-0x00000fff]
[    0.000000] PM: Registered nosave memory: [mem 0x0009f000-0x0009ffff]
[    0.000000] PM: Registered nosave memory: [mem 0x000a0000-0x000effff]
[    0.000000] PM: Registered nosave memory: [mem 0x000f0000-0x000fffff]
[    0.000000] PM: Registered nosave memory: [mem0xfff0000-0xdfffffff]
[  0.000000] PM: Registered nosave memory: [mem 0xe0000000-0xfebfffff]
[    0.000000] PM: Registered nosave memory: [mem 0xfec00000-0xfec00fff]
[    0.000000] PM: Registered nosave memory: [mem 0xfec01000-0xfedfffff]
[    0.000000] PM: Registered nosave memory: [mem 0xfee00000-0xfee00fff]
[    0.000000] PM: Registered nosave memory: [mem 0xfee01000-0xfffbffff]
[    0.000000] PM: Registered nosave memory: [mem 0xfffc0000-0xffffffff]
[    0.000000] e820: [mem 0xe0000000-0xfebfffff] available for PCI devices
[    0.000000] Booting paravirtualized kernel on KVM
[    0.000000] clocksource: refined-jiffies: mask: 0xffffffff max_cycles: 0xffffffff, max_idle_ns: 7645519600211568 ns
[    0.000000] setup_percpu: NR_CPUS:512 nr_cpumask_bits:512 nr_cpu_ids:2 nr_node_ids:1
[   0.00000] PERCPU: Embedded 34 pages/cpu @ffff88011fc00000 s99608 r8192 d31464 u1048576
[    0.000000] PV qspinlock hash table entries: 256 (order: 0, 4096 bytes)
[    0.000000] Built 1 zonelists in Node order, mobility grouping on.  Total pages: 1032056
[    0.000000] Policy zone: Normal
[    0.000000] Kernel command line: BOOT_IMAGE=/boot/vmlinuz-4.4.0-137-generic root=UUID=86661846-cf4a-4838-94f6-f115ec1431a0 ro console=tty1 console=ttyS0
[    0.000000] PID hash table entries: 4096 (order: 3, 32768 bytes)
[    0.000000] Memory: 4027704K/4193848K available (8555K kernel code, 1314K rwdata, 4004K rodata, 1528K init, 1316K bss, 166144K reserved, 0K cma-reserved)
[    0.000000] SLUB: HWalign=64, Order=0-3, MinObjects=0, CPUs=2, Nodes=1
[   0.000000] Kernel/User page tables isolation: enabled
[    0.000000] Hierarchical RCU implementation.
[    0.000000] 	Build-time adjustment of leaf fanout to 64.
[    0.000000] 	RCU restricting CPUs from NR_CPUS=512 to nr_cpu_ids=2.
[    0.000000] RCU: Adjusting geometry for rcu_fanout_af64, nr_cpu_ids=2
[   .000000] NR_IRQS:33024 nr_irqs:440 16
[    0.000000] Console: colour VGA+ 80x25
[    0.000000] console [tty1] enabled
[    0.000000] console [ttyS0] enabled
[   0.000000] tsc: Detected 2394.542 MHz processor
[    1.646683] Calibrating delay loop (skipped) preset value.. 4789.08 BogoMIPS (lpj=9578168)
[    1.653491] pid_max: default: 32768 minimum: 301
[    1.655483] ACPI: Core revision 20150930
[    1.658271] ACPI: 2 ACPI AML tables successfully acquired and loaded
[    1.661136] Security Framework initialized
[    1.662818] Yama: becoming mindful.
[    1.664474] AppArmor: AppArmor initialized
[    1.668574] Dentry cache hash table entries: 524288 (order: 10, 4194304 bytes)
[    1.675951] Inode-cache hash table entries: 262144 (order: 9, 2097152 bytes)
[    1.679378] Mount-cache hash table entries: 8192 (order: 4, 65536 bytes)
[    1.685841] Mountpoint-cache hash table entries: 8192 (order: 4, 65536 bytes)
[    1.690781] Initializing cgroup subsys io
[    1.694235] Initializing cgroup subsys memory
[    1.696017] Initializing cgroup subsys devices
[    1.698061] Initializing cgroup subsys freezer
[    1.700125] Initializing cgroup subsys net_cls
[    1.702844] Initializing cgroup subsys perf_event
[    1.704626] Initializing cgroup subsys net_prio
[    1.706222] Initializing cgroup subsys hugetlb
[    1.707748] Initializing cgroup subsys pids
[    1.709323] mce: CPU supports 0 MCE banks
[    1.716193] Last level iTLB entries: 4KB 512, 2MB 8, 4MB 8
[    1.718158] Last level dTLB entries: 4KB 512, 2MB 32, 4MB 32, 1GB 0
[    1.726035] Spectre V2 : Mitigation: Full generic retpoline
[    1.730131] Spectre V2 : Spectre v2 mitigation: Speculation control IBPB not-supported IBRS not-supported
[    1.732910] Spectre V2 : Spectre v2 / SpectreRSB mitigation: Filling RSB on context switch
[    1.735984] Speculative Store Bypass: Vulnerable
[    1.746143] Freeing SMP alternatives memory: 32K
[    1.756982] ftrace: allocating 32265 entries in 127 pages
[    1.825876] smpboot: APIC(0) Converting physical 0 to logical package 0
[    1.835078] smpboot: Max logical packages: 1
[    1.836689] x2apic enabled
[    1.863387] Switched APIC routing to physical x2apic.
[    1.866200] ..TIMER: vector=0x30 apic1=0 pin1=2 apic2=-1 pin2=-1
[    1.973705] smpboot: CPU0: Intel(R) Core(TM) i7-2760QM CPU @ 2.40GHz (family: 0x6, model: 0x2a, stepping: 0x7)
[    2.003247] Performance Events: unsupported p6 CPU model 42 no PMU driver, software events only.
[    2.009824] KVM setup paravirtual spinlock
[    2.012133] x86: Booting SMP configuration:
[    2.013625] .... node  #0, CPUs:      #1
[    2.038150] kvm-clock: cpu 1, msr 1:1ffef041, secondary cpu clock
[    2.039762] mce: CPU supports 0 MCE banks
[    2.050010] x86: Booted up 1 node, 2 CPUs
[    2.051529] smpboot: Total of 2 processors activated (9578.16 BogoMIPS)
[    2.065089] devtmpfs: initialized
[    2.067952] evm: security.selinux
[    2.083135] evm: security.SMACK64
[    2.096096] evm: security.SMACK64EXEC
[    2.107495] evm: security.SMACK64TRANSMUTE
[    2.110995] evm: security.SMACK64MMAP
[    2.117519] evm: security.ima
[    2.124355] evm: security.capability
[    2.137624] clocksource: jiffies: mask: 0xffffffff max_cycles: 0xffffffff, max_idle_ns: 7645041785100000 ns
[    2.145188] futex hash table entries: 512 (order: 3, 32768 bytes)
[    2.158289] pinctrl core: initialized pinctrl subsystem
[    2.164248] RTC time: 15:01:15, date: 10/18/18
[    2.171518] NET: Registered protocol family 16
[    2.182751] cpuidle: using governor ladder
[    2.206876] cpuidle: using governor menu
[    2.212598] PCCT header not found.
[    2.217714] ACPI: bus type PCI registered
[    2.224428] acpiphp: ACPI Hot Plug PCI Controller Driver version: 0.5
[    2.250656] PCI: Using configuration type 1 for base access
[    2.273494] ACPI: Added _OSI(Module Device)
[    2.276360] ACPI: Added _OSI(Processor Device)
[    2.281204] ACPI: Added _OSI(3.0 _SCP Extensions)
[    2.287362] ACPI: Added _OSI(Processor Aggregator Device)
[    2.290018] ACPI: Executed 1 blocks of module-level executable AML code
[    2.310079] ACPI: Interpreter enabled
[    2.315084] ACPI: (supports S0 S5)
[    2.323881] ACPI: Using IOAPIC for interrupt routing
[    2.325617] PCI: Using host bridge windows from ACPI; if necessary, use "pci=nocrs" and report a bug
[    2.338910] ACPI: PCI Root Bridge [PCI0] (domain 0000 [bus 00-ff])
[    2.340786] acpi PNP0A03:00: _OSC: OS supports [ASPM ClockPM Segments MSI]
[    2.348298] acpi PNP0A03:00: _OSC: not requesting OS control; OS requires [ExtendedConfig ASPM ClockPM MSI]
[    2.352443] acpi PNP0A03:00: fail to add MMCONFIG information, can't access extended PCI configuration space under this bridge.
[    2.361654] PCI host bridge to bus 0000:00
[    2.378184] pci_bus 0000:00: root bus resource [io  0x0000-0x0cf7 window]
[    2.393542] pci_bus 0000:00: root bus resource [io  0x0d00-0xffff window]
[    2.402905] pci_bus 0000:00: root bus resource [mem 0x000a0000-0x000bffff window]
[    2.410906] pci_bus 0000:00: root bus resource [mem 0xe0000000-0xfdffffff window]
[    2.424112] pci_bus 0000:00: root bus resource [bus 00-ff]
[    2.436303] pci 0000:00:01.1: legacy IDE quirk: reg 0x10: [io  0x01f0-0x01f7]
[    2.438534] pci 0000:00:01.1: legacy IDE quirk: reg 0x14: [io  0x03f6]
[    2.440503] pci 0000:00:01.1: legacy IDE quirk: reg 0x18: [io  0x0170-0x0177]
[    2.443250] pci 0000:00:01.1: legacy IDE quirk: reg 0x1c: [io  0x0376]
[    2.499355] pci 0000:00:07.0: quirk: [io  0x4000-0x403f] claimed by PIIX4 ACPI
[    2.513983] pci 0000:00:07.0: quirk: [io  0x4100-0x410f] claimed by PIIX4 SMB
[    2.560653] ACPI: PCI Interrupt Link [LNKA] (IRQs 5 9 10 *11)
[    2.583258] ACPI: PCI Interrupt Link [LNKB] (IRQs 5 9 *10 11)
[    2.606985] ACPI: PCI Interrupt Link [LNKC] (IRQs 5 *9 10 11)
[    2.617612] ACPI: PCI Interrupt Link [LNKD] (IRQs 5 9 10 *11)
[    2.637488] ACPI: Enabled 2 GPEs in block 00 to 07
[    2.657828] vgaarb: setting as boot device: PCI:0000:00:02.0
[    2.665111] vgaarb: device added: PCI:0000:00:02.0,decodes=io+mem,owns=io+mem,locks=none
[    2.676484] vgaarb: loaded
[    2.687021] vgaarb: bridge control possible 0000:00:02.0
[    2.694258] SCSI subsystem initialized
[    2.697512] ACPI: bus type USB registered
[    2.704588] usbcore: registered new interface driver usbfs
[    2.706243] usbcore: registered new interface driver hub
[    2.712689] usbcore: registered new device driver usb
[    2.717061] PCI: Using ACPI for IRQ routing
[    2.719292] NetLabel: Initializing
[    2.727484] NetLabel:  domain hash size = 128
[    2.738244] NetLabel:  protocols = UNLABELED CIPSOv4
[    2.739867] NetLabel:  unlabeled traffic allowed by default
[    2.742007] amd_nb: Cannot enumerate AMD northbridges
[    2.755912] clocksource: Switched to clocksource kvm-clock
[    2.770164] AppArmor: AppArmor Filesystem Enabled
[    2.772221] pnp: PnP ACPI init
[    2.775391] pnp: PnP ACPI: found 3 devices
[    2.792340] clocksource: acpi_pm: mask: 0xffffff max_cycles: 0xffffff, max_idle_ns: 085701024 ns
[    2.824309] NET: Registered protocol family 2

[    2.826410] TCP established hash table entries: 32768 (order: 6, 262144 bytes)
[    2.829655] TCP bind hash table entries: 32768 (order: 7, 524288 bytes)
[    2.834279] TCP: Hash tables configured (established 32768 bind 32768)
[   8552 U hshabe entries: 04 (order: 4, 65536 bytes)
[  30822UD-Lteha tbl etres 28 orer 4 65536 bytes)
[   3.813869] NET: Registered protocol family 1
[    3.868393] pci 0000:00:00.0: Limiting direct PCI/PCI transfers
[   3.870277] pci 0000:00:01.0: Activating ISA DMA hang workarounds
[    3.89755] Unpacking initramfs...
[    4.196948] Freeing initrd memory: 15312K
[    4.217830] PCI-DMA: Using software bounce buffering for IO (SWIOTLB)
[    4.224636] software IO TLB [mem 0xdbff0000-0xdfff0000] (64MB) mapped at [ffff8800dbff0000-ffff8800dffeffff]
[    4.227548] RAPL PMU detected, API unit is 2^-32 Joules, 3 fixed counters 10737418240 ms ovfl timer
[    4.230258] hw unit of domain pp0-core 2^-0 Joules
[    4.238380] hw unit of domain package 2^-0 Joules
[    4.248545] hw unit of domain pp1-gpu 2^-0 Joules
[    4.255707] platform rtc_cmos: registered platform RTC device (no PNP device found)
[    4.261145] Scanning for low memory corruption every 60 seconds
[    4.277529] audit: initializing netlink subsys (disabled)
[    4.336865] audit: type=2000 audit(1539874881.527:1): initialized
[    4.383316] Initialise system trusted keyring
[    4.419636] HugeTLB registered 2 MB page size, pre-allocated 0 pages
[    4.422860] zbud: loaded
[    4.438266] VFS: Disk quotas dquot_6.6.0
[    4.439541] VFS: Dquot-cache hash table entries: 512 (order 0, 4096 bytes)
[    4.456375] squashfs: version 4.0 (2009/01/31) Phillip Lougher
[    4.478262] fuse init (API version 7.23)
[    4.489458] Key type big_key registered
[    4.496820] Allocating IMA MOK and blacklist keyrings.
[    4.503388] Key type asymmetric registered
[    4.507808] Asymmetric key parser 'x509' registered
[    4.519786] Block layer SCSI generic (bsg) driver version 0.4 loaded (major 249)
[    4.522344] io scheduler noop registered
[    4.523591] io scheduler deadline registered (default)
[    4.550016] io scheduler cfq registered
[    4.557990] pci_hotplug: PCI Hot Plug PCI Core version: 0.5
[    4.598327] pciehp: PCI Express Hot Plug Controller Driver version: 0.4
[    4.613216] ACPI: AC Adapter [AC] (on-line)
[    4.614653] input: Power Button as /devices/LNXSYSTM:00/LNXPWRBN:00/input/input0
[    4.649019] ACPI: Power Button [PWRF]
[    4.676731] input: Sleep Button as /devices/LNXSYSTM:00/LNXSLPBN:00/input/input1
[    4.720153] ACPI: Sleep Button [SLPF]
[    4.759309] ACPI: Battery Slot [BAT0] (battery present)
[    4.764124] GHES: HEST is not enabled!
[    4.765576] Serial: 8250/16550 driver, 32 ports, IRQ sharing enabled
[    4.791970] 00:02: ttyS0 at I/O 0x3f8 (irq = 4, base_baud = 115200) is a 16550A
[    4.813290] Linux agpgart interface v0.103
[    4.816702] loop: module loaded
[    4.818579] scsi host0: ata_piix
[    4.833421] scsi host1: ata_piix
[    4.834611] ata1: PATA max UDMA/33 cmd 0x1f0 ctl 0x3f6 bmdma 0xd000 irq 14
[    4.876889] ata2: PATA max UDMA/33 cmd 0x170 ctl 0x376 bmdma 0xd008 irq 15
[    4.939742] libphy: Fixed MDIO Bus: probed
[    4.956998] tun: Universal TUN/TAP device driver, 1.6
[    4.962920] tun: (C) 1999-2004 Max Krasnyansky <maxk@qualcomm.com>
[    4.964760] PPP generic driver version 2.4.2
[    4.966145] ehci_hcd: USB 2.0 'Enhanced' Host Controller (EHCI) Driver
[    4.988184] ehci-pci: EHCI PCI platform driver
[    5.027464] ehci-platform: EHCI generic platform driver
[    5.029371] ohci_hcd: USB 1.1 'Open' Host Controller (OHCI) Driver
[    5.031990] ohci-pci: OHCI PCI platform driver
[    5.034144] ohci-platform: OHCI generic platform driver
[    5.036218] uhci_hcd: USB Universal Host Controller Interface driver
[    5.038959] i8042: PNP: PS/2 Controller [PNP0303:PS2K,PNP0f03:PS2M] at 0x60,0x64 irq 1,12
[    5.044272] serio: i8042 KBD port at 0x60,0x64 irq 1
[    5.046281] serio: i8042 AUX port at 0x60,0x64 irq 12
[    5.048642] mousedev: PS/2 mouse device common for all mice
[    5.053065] rtc_cmos rtc_cmos: rtc core: registered rtc_cmos as rtc0
[    5.055626] input: AT Translated Set 2 keyboard as /devices/platform/i8042/serio0/input/input2
[    5.063372] rtc_cmos rtc_cmos: alarms up to one day, 114 bytes nvram
[    5.066058] i2c /dev entries driver
[    5.067674] device-mapper: uevent: version 1.0.3
[    5.069966] device-mapper: ioctl: 4.34.0-ioctl (2015-10-28) initialised: dm-devel@redhat.com
[    5.073665] ledtrig-cpu: registered to indicate activity on CPUs
[    5.077005] NET: Registered protocol family 10
[    5.079154] NET: Registered protocol family 17
[    5.081144] Key type dns_resolver registered
[    5.083907] registered taskstats version 1
[    5.085655] Loading compiled-in X.509 certificates
[    5.088519] Loaded X.509 cert 'Build time autogenerated kernel key: 20acc96b50ca7641011eace69d32209215a9b56f'
[    5.092756] zswap: loaded using pool lzo/zbud
[    5.097958] Key type trusted registered
[    5.106632] Key type encrypted registered
[    5.108019] AppArmor: AppArmor sha1 policy hashing enabled
[    5.109859] ima: No TPM chip found, activating TPM-bypass!
[    5.111867] ima: Allocated hash algorithm: sha1
[    5.119225] evm: HMAC attrs: 0x1
[    5.121197]   Magic number: 6:928:32
[    5.128153] rtc_cmos rtc_cmos: setting system clock to 2018-10-18 15:01:18 UTC (1539874878)
[    5.130976] BIOS EDD facility v0.16 2004-Jun-25, 0 devices found
[    5.138503] EDD information not available.
[    5.141445] Freeing unused kernel memory: 1528K
[    5.168345] Write protecting the kernel read-only data: 14336k
[    5.176229] Freeing unused kernel memory: 1672K
[    5.178057] Freeing unused kernel memory: 92K
Loading, please wait...
starting version[    5.197629] random: systemd-udevd: uninitialized urandom read (16 bytes read, 2 bits of entropy available)
 229
[    5.197894] random: udevadm: uninitialized urandom read (16 bytes read, 2 bits of entropy available)
[    5.197921] random: udevadm: uninitialized urandom read (16 bytes read, 2 bits of entropy available)
[    5.212143] random: udevadm: uninitialized urandom read (16 bytes read, 2 bits of entropy available)
[    5.212198] random: udevadm: uninitialized urandom read (16 bytes read, 2 bits of entropy available)
[    5.212397] random: udevadm: uninitialized urandom read (16 bytes read, 2 bits of entropy available)
[    5.212475] random: udevadm: uninitialized urandom read (16 bytes read, 2 bits of entropy available)
[    5.212556] random: udevadm: uninitialized urandom read (16 bytes read, 2 bits of entropy available)
[    5.212632] random: udevadm: uninitialized urandom read (16 bytes read, 2 bits of entropy available)
[    5.212765] random: udevadm: uninitialized urandom read (16 bytes read, 2 bits of entropy available)
[    5.252009] tsc: Refined TSC clocksource calibration: 2394.401 MHz
[    5.252011] clocksource: tsc: mask: 0xffffffffffffffff max_cycles: 0x22838e7278d, max_idle_ns: 440795307834 ns
[    5.362010] e1000: Intel(R) PRO/1000 Network Driver - version 7.3.21-k8-NAPI
[    5.379065] e1000: Copyright (c) 1999-2006 Intel Corporation.
[    5.415381] AVX version of gcm_enc/dec engaged.
[    5.417428] AES CTR mode by8 optimization enabled
[    5.447043] Fusion MPT base driver 3.04.20
[    5.456404] Copyright (c) 1999-2008 LSI Corporation
[    5.472753] Fusion MPT SPI Host driver 3.04.20
[    5.616892] input: ImExPS/2 Generic Explorer Mouse as /devices/platform/i8042/serio1/input/input4
[    5.841021] e1000 0000:00:03.0 eth0: (PCI:33MHz:32-bit) 02:6f:7d:42:85:2c
[    5.889367] e1000 0000:00:03.0 eth0: Intel(R) PRO/1000 Network Connection
[    6.356255] e1000 0000:00:08.0 eth1: (PCI:33MHz:32-bit) 08:00:27:1e:dc:41
[    6.358340] e1000 0000:00:08.0 eth1: Intel(R) PRO/1000 Network Connection
[    6.430493] e1000 0000:00:03.0 enp0s3: renamed from eth0
[    6.434795] mptbase: ioc0: Initiating bringup
[    6.444899] e1000 0000:00:08.0 enp0s8: renamed from eth1
[    6.507464] ioc0: LSI53C1030 A0: Capabilities={Initiator}
[    7.811711] scsi host2: ioc0: LSI53C1030 A0, FwRev=00000000h, Ports=1, MaxQ=256, IRQ=20
[    8.048192] scsi 2:0:0:0: Direct-Access     VBOX     HARDDISK         1.0  PQ: 0 ANSI: 5
[    8.058982] scsi target2:0:0: Beginning Domain Validation
[    8.072735] scsi target2:0:0: Domain Validation skipping write tests
[    8.074567] scsi target2:0:0: Ending Domain Validation
[    8.076323] scsi target2:0:0: asynchronous
[    8.078511] scsi 2:0:1:0: Direct-Access     VBOX     HARDDISK         1.0  PQ: 0 ANSI: 5
[    8.081091] scsi target2:0:1: Beginning Domain Validation
[    8.101068] scsi target2:0:1: Domain Validation skipping write tests
[    8.137796] scsi target2:0:1: Ending Domain Validation
[    8.158477] scsi target2:0:1: asynchronous
[    8.193880] sd 2:0:0:0: [sda] 419430400 512-byte logical blocks: (215 GB/200 GiB)
[    8.243118] sd 2:0:0:0: Attached scsi generic sg0 type 0
[    8.248558] sd 2:0:0:0: [sda] Write Protect is off
[    8.248712] sd 2:0:0:0: [sda] Incomplete mode parameter data
[    8.248713] sd 2:0:0:0: [sda] Assuming drive cache: write through
[    8.256657]  sda: sda1
[    8.257684] sd 2:0:0:0: [sda] Attached SCSI disk
[    8.317819] sd 2:0:1:0: Attached scsi generic sg1 type 0
[    8.318060] sd 2:0:1:0: [sdb] 20480 512-byte logical blocks: (10.5 MB/10.0 MiB)
[    8.318313] sd 2:0:1:0: [sdb] Write Protect is off
[    8.318435] sd 2:0:1:0: [sdb] Incomplete mode parameter data
[    8.318436] sd 2:0:1:0: [sdb] Assuming drive cache: write through
[    8.336952] sd 2:0:1:0: [sdb] Attached SCSI disk
Begin: Loading essential drivers ... [    9.884370] md: linear personality registered for level -1
[    9.890123] md: multipath personality registered for level -4
[    9.930001] md: raid0 personality registered for level 0
[    9.951693] md: raid1 personality registered for level 1
[   10.067997] raid6: sse2x1   gen()  7833 MB/s
[   10.153175] raid6: sse2x1   xor()  5900 MB/s
[   10.259951] raid6: sse2x2   gen()  8055 MB/s
[   10.336334] raid6: sse2x2   xor()  7437 MB/s
[   10.404118] raid6: sse2x4   gen() 11441 MB/s
[   10.495974] raid6: sse2x4   xor()  9563 MB/s
[   10.506084] raid6: using algorithm sse2x4 gen() 11441 MB/s
[   10.537714] raid6: .... xor() 9563 MB/s, rmw enabled
[   10.539820] raid6: using ssse3x2 recovery algorithm
[   10.561513] xor: automatically using best checksumming function:
[   10.628393]    avx       : 39329.000 MB/sec
[   10.675124] async_tx: api initialized (async)
[   10.688408] md: raid6 personality registered for level 6
[   10.697086] md: raid5 personality registered for level 5
[   10.701294] md: raid4 personality registered for level 4
[   10.713065] md: raid10 personality registered for level 10
done.
Begin: Running /scripts/init-premount ... done.
Begin: Mounting root file system ... Begin: Running /scripts/local-top ... done.
Begin: Running /scripts/local-premount ... [   10.760464] Btrfs loaded
Scanning for Btrfs filesystems
done.
Warning: fsck not present, so skipping root file system
[   10.820915] EXT4-fs (sda1): mounted filesystem with ordered data mode. Opts: (null)
done.
Begin: Running /scripts/local-bottom ... done.
Begin: Running /scripts/init-bottom ... done.
[   11.510800] systemd[1]: systemd 229 running in system mode. (+PAM +AUDIT +SELINUX +IMA +APPARM +SMACK +SYSVINIT +UTMP +LIBCRYPTSETUP +GCRYPT +GNUTLS +ACL +XZ -LZ4 +SECCOMP +BLKID ELFUTILS +KMOD -IDN)
[   11.596144] systemd[1]: Detected virtualization oracle.
[   11.598195] systemd[1]: Detected architecture x86-64.

Welcome to [1mUbuntu 16.04.2 LTS[0m!

[   11.617136] systemd[1]: Set hostname to <jenkins>.

[   12.024108] random: nonblocking pool is initialized
[  12.762863] systemd[1]: Set up automount Arbitrary Executable File Formats File System Automount Point.
[[0;32m  OK  [0m] Set up automount Arbitrary Executab...ats File System Automount Point.
[   12.821401] systemd[1]: Listening on /dev/initctl Compatibility Named Pipe.
[[0;32m  OK  [0m] Listening on /dev/initctl Compatibility Named Pipe.
[   12.841352] systemd[1]: Created slice System Slice.
[[0;32m  OK  [0m] Created slice System Slice.
[  1.887970] systemd[1]: Listening on Journal Socket (/dev/log).
[[0;32m  OK  [0m] Listening on Journal Socket (/dev/log).
[   12.956800] systemd[1]: Reached target Encrypted Volumes.
[[0;32m  OK  [0m] Reached target Encrypted Volumes.
[   12.962634] systemd[1]: Listening on Device-mapper event daemon FIFOs.
[[0;32m  OK  [0m] Listening on Device-mapper event daemon FIFOs.
[   12.96930] systemd[1]: Listening on udev Control Socket.
[[0;32m  OK  [0m] Listening on udev Control Socket.
[  12555 sstmd]:iseng on Journal Socket.
[[0;32m  OK  [0m] Listening on Journal Socket.
[   13.780791] systemd[1]: Starting Set console keymap...
         Starting Set console keymap...
[   13.815636] systemd[1]: Starting Load Kernel Modules...
         Starting Load Kernel Modules...
[   13.847986] systemd[1]: Starting Create list of required static device nodes for the current kernel...
         Starting Create list of required st... nodes for the current kernel...
[   13.863443] systemd[1]: Starting Remount Root and Kernel File Systems...
         Starting Remount Root and Kernel File Systems...
[   13.878835] systemd[1]: Starting Nameserver information manager...
         Starting Nameserver information manager...
[   13.890847] systemd[1]: Listening on Journal Audit Socket.
[[0;32m  OK  [0m] Listening on Journal Audit Socket.
[   13.916027] systemd[1]: Started Forward Password Requests to Wall Directory Watch.
[[0;32m  OK  [0m] Started Forward Password Requests to Wall Directory Watch.
[   13.944065] systemd[1]: Mounting Huge Pages File System...
         Mounting Huge Pages File System...
[   13.958115] systemd[1]: Listening on udev Kernel Socket.
[[0;32m  OK  [0m] Listening on [   13.967507] EXT4-fs (sda1): re-mounted. Opts: (null)
udev Kernel Socket.
[   13.986632] Loading iSCSI transport class v2.0-870.
[   13.999615] systemd[1]: Reached target User and Group Name Lookups.
[[0;32m  OK  [0m] Reached target User and Group Name Lookups.
[   4.9342] systemd[1]: Created slice User and Session Slice.

[[0;32m  OK  [0m] Created slice User and Session Slice.
[   14.094508] systemd[1]: Reached target Slices.
[[0;32m  OK  [0m] Reached target Slices.
[   14.112278] systemd[1]: Started Trigger resolvconf update for networkd DNS.
[[0;32m  OK  [0m] Started Trigger resolvconf update for networkd DNS.
[   14.120205] systemd[1]: Created slice system-serial\x2dgetty.slice.
[[0;32m  OK  [0m] Created slice system-serial\x2dgetty.slice.
[   14.128085] systemd[1]: Listening on LVM2 metadata daemon socket.
[[0;32m  OK  [0m] Listening on LVM2 metadata daemon socket.
[   14.144306] systemd[1]: Starting Monitoring of LVM2 mirrors, snapshots etc. using dmeventd or progress polling...
         Starting Monitoring of LVM2 mirr[   14.151680] iscsi: registered transport (tcp)
ors... dmeventd or progress polling...
[   14.159193] systemd[1]: Reached target Swap.
[[0;32m  OK  [0m] Reached target Swap.
[   14.172472] systemd[1]: Starting Uncomplicated firewall...
         Starting Uncomplicated firewall...
[   14.176878] systemd[1]: Listening on Syslog Socket.
[[0;32m  OK  [0m] Listening on Syslog Socket.
[   14.213612] systemd[1]: Starting Journal Service...
         Starting Journal Service...
[   14.232786] systemd[1]: Listening on LVM2 poll daemon socket.
[[0;32m  OK  [0m] Listening on LVM2 poll daemon socket.
[   14.260520] systemd[1]: Mounting Debug File System...
         Mounting Debug File System...
[   14.280144] systemd[1]: Mounting POSIX Message Queue File System...
         Mounting POSIX Message Queue File System...
[   14.317490] systemd[1]: Mounted POSIX Message Queue File System.
[[0;32m  OK  [0m] Mounted POSIX Message Queue File System.
[   14.331027] systemd[1]: Mounted Huge Pages File System.
[[0;32m  OK  [0m] Mounted Huge Pages File System.
[   14.345477] systemd[1]: Mounted Debug File System.
[[0;32m  OK  [0m] Mounted Debug File System.
[   14.362868] systemd[1]: Started Set console keymap.
[[0;32m  OK  [0m] Started Set console keymap.
[   14.382288] systemd[1]: Started Create list of required static device nodes for the current kernel.
[[0;32m  OK  [0m] Started Create list of required sta...ce nodes for the current kernel.
[   14.406038] systemd[1]: Started Remount Root and Kernel File Systems.
[[0;32m  OK  [0m] Started Remount Root and Kernel File Systems.
[   14.455556] systemd[1]: Started Uncomplicated firewall.
[   14.524550] iscsi: registered transport (iser)
[[0;32m  OK  [0m] Started Uncomplicated firewall.
[   14.531648] systemd[1]: Started Load Kernel Modules.
[[0;32m  OK  [0m] Started Load Kernel Modules.
[   14.536000] systemd[1]: Started Nameserver information manager.
[[0;32m  OK  [0m] Started Nameserver information manager.
[   14.591873] systemd[1]: Started Journal Service.
[[0;32m  OK  [0m] Started Journal Service.
[[0;32m  OK  [0m] Started LVM2 metadata daemon.
         Mounting FUSE Control File System...
         Starting Apply Kernel Variables...
         Starting udev Coldplug all Devices...
         Starting Load/Save Random Seed...
         Starting Initial cloud-init job (pre-networking)...
         Starting Flush Journal to Persistent Storage...
         Starting Create Static Device Nodes in /dev...
[[0;32m  OK  [0m] Mounted FUSE Control File System.
[[0;32m  OK  [0m] Started Load/Save Random Seed.
[[0;32m  OK  [0m] Started udev Coldplug all Devices.
[[0;32m  OK  [0m] Started Apply Kernel Variables.
[[0;32m  OK  [0m] Started Monitoring of LVM2 mirrors,...ng dmeventd or progress polling.
[[0;32m  OK  [0m] Started Flush Journal to Persistent Storage.
[[0;32m  OK  [0m] Started Create Static Device Nodes in /dev.
         Starting udev Kernel Device Manager...
[[0;32m  OK  [0m] Started udev Kernel Device Manager.
[[0;32m  OK  [0m] Started Dispatch Password Requests to Console Directory Watch.
[[0;32m  OK  [0m] Reached target Local File Systems (Pre).
[[0;32m  OK  [0m] Reached target Local File Systems.
         Starting Create Volatile Files and Directories...
         Starting LSB: AppArmor initialization...
         Starting Set console font and keymap...
         Starting Tell Plymouth To Write Out Runtime Data...
[[0;32m  OK  [0m] Started Tell Plymouth To Write Out Runtime Data.
[[0;32m  OK  [0m] Found device /dev/ttyS0.
[[0;32m  OK  [0m] Started Create Volatile Files and Directories.
[[0;32m  OK  [0m] Reached target System Time Synchronized.
         Starting Update UTMP about System Boot/Shutdown...
[[0;32m  OK  [0m] Started Update UTMP about System Boot/Shutdown.
[[0;32m  OK  [0m] Found device 82540EM Gigabit Ethern...r (PRO/1000 MT Desktop Adapter).
[[0;32m  OK  [0m] Found device 82540EM Gigabit Ethern...r (PRO/1000 MT Desktop Adapter).
[[0;32m  OK  [0m] Listening on Load/Save RF Kill Switch Status /dev/rfkill Watch.
[[0;32m  OK  [0m] Started Set console font and keymap.
[[0;32m  OK  [0m] Created slice system-getty.slice.
[[0;32m  OK  [0m] Started LSB: AppArmor initialization.
[   17.829643] cloud-init[433]: Cloud-init v. 0.7.9 running 'init-local' at Thu, 18 Oct 2018 15:01:32 +0000. Up 17.34 seconds.
[[0;32m  OK  [0m] Started Initial cloud-init job (pre-networking).
[[0;32m  OK  [0m] Reached target Network (Pre).
[[0;32m  OK  [0m] Started ifup for enp0s8.
         Starting Raise network interfaces...
[[0;32m  OK  [0m] Started ifup for enp0s3.
[[0;32m  OK  [0m] Started Raise network interfaces.
[[0;32m  OK  [0m] Reached target Network.
         Starting Initial cloud-init job (metadata service crawler)...
[   19.090618] cloud-init[1030]: Cloud-init v. 0.7.9 running 'init' at Thu, 18 Oct 2018 15:01:34 +0000. Up 18.56 seconds.
[   19.140743] cloud-init[1030]: ci-info: ++++++++++++++++++++++++++++++++++++++Net device info++++++++++++++++++++++++++++++++++++++
[   19.141172] cloud-init[1030]: ci-info: +--------+------+-----------------------------+---------------+-------+-------------------+
[[0;32m  OK  [0m] Started Initial cloud-init job (metadata service crawler).
[   19.141959] cloud-init[1030]: ci-info: | Device |  Up  |           Address           |      Mask     | Scope |     Hw-Address    |
[   19.201038] cloud-init[1030]: ci-info: +--------+------+-----------------------------+---------------+-------+-------------------+
[   19.201782] cloud-init[1030]: ci-info: | enp0s8 | True |        192.168.33.40        | 255.255.255.0 |   .   | 08:00:27:1e:dc:41 |
[[0;32m  OK  [0m] Reached target System Initialization.
[   19.202233] cloud-init[1030]: ci-info: | enp0s8 | True | fe80::a00:27ff:fe1e:dc41/64 |       .       |  link | 08:00:27:1e:dc:41 |
[   19.336826] cloud-init[1030]: ci-info: |   lo   | True |          127.0.0.1          |   255.0.0.0   |   .   |         .         |
[   19.337472] cloud-init[1030]: ci-info: |   lo   | True |           ::1/128           |       .       |  host |         .         |
[[0;32m  OK  [0m] Started Daily apt activities.
[   19.337722] cloud-init[1030]: ci-info: | enp0s3 | True |          10.0.2.15          | 255.255.255.0 |   .   | 02:6f:7d:42:85:2c |
[   19.424733] cloud-init[1030]: ci-info: | enp0s3 | True |  fe80::6f:7dff:fe42:852c/64 |       .       |  link | 02:6f:7d:42:85:2c |
[[   19.425556] [0;32m  OK  [0mcloud-init] [1030]: Started Timer to automatically refresh installed snaps.ci-info: +--------+------+-----------------------------+---------------+-------+-------------------+

[   19.426181] cloud-init[1030]: ci-info: ++++++++++++++++++++++++++++Route IPv4 info++++++++++++++++++++++++++++
[   19.481389] cloud-init[1030]: ci-info: +-------+--------------+----------+---------------+-----------+-------+
[[0;32m  OK  [0m] Started ACPI Events Check.
[   19.481944] cloud-init[1030]: ci-info: | Route | Destination  | Gateway  |    Genmask    | Interface | Flags |
[   19.541246] cloud-init[1030]: ci-info: +-------+--------------+----------+---------------+-----------+-------+
[[   19.541844] [0;32m  OK  [0mcloud-init] [1030]: Reached target Paths.ci-info: |   0   |   0.0.0.0    | 10.0.2.2 |    0.0.0.0    |   enp0s3  |   UG  |

[   19.542388] cloud-init[1030]: ci-info: |   1   |   10.0.2.0   | 0.0.0.0  | 255.255.255.0 |   enp0s3  |   U   |
[[   19.689601] [0;32m  OK  [0mcloud-init] [1030]: Listening on ACPID Listen Socket.ci-info: |   2   | 192.168.33.0 | 0.0.0.0  | 255.255.255.0 |   enp0s8  |   U   |

[   19.733120] cloud-init[1030]: ci-info: +-------+--------------+----------+---------------+-----------+-------+
         Starting Socket activation for snappy daemon.
[[0;32m  OK  [0m] Listening on UUID daemon activation socket.
[[0;32m  OK  [0m] Listening on D-Bus System Message Bus Socket.
         Starting LXD - unix socket.
[[0;32m  OK  [0m] Started Daily Cleanup of Temporary Directories.
[[0;32m  OK  [0m] Reached target Timers.
[[0;32m  OK  [0m] Reached target Network is Online.
         Starting iSCSI initiator daemon (iscsid)...
[[0;32m  OK  [0m] Reached target Cloud-config availability.
[[0;32m  OK  [0m] Listening on Socket activation for snappy daemon.
[[0;32m  OK  [0m] Listening on LXD - unix socket.
[[0;32m  OK  [0m] Reached target Sockets.
[[0;32m  OK  [0m] Reached target Basic System.
         Starting LSB: MD monitoring daemon...
         Starting vboxadd.service...
         Starting Apache Tomcat Web Application Container...
[[0;32m  OK  [0m] Started ACPI event daemon.
         Starting Apply the settings specified in cloud-config...
         Starting OpenBSD Secure Shell server...
         Starting /etc/rc.local Compatibility...
[[0;32m  OK  [0m] Started D-Bus System Message Bus.
[[0;32m  OK  [0m] Started FUSE filesystem for LXC.
         Starting MySQL Community Server...
         Starting Accounts Service...
         Starting LSB: Record successful boot for GRUB...
         Starting vboxadd-x11.service...
         Starting System Logging Service...
         Starting LXD - container startup/shutdown...
[[0;32m  OK  [0m] Started Deferred execution scheduler.
         Starting Login Service...
[[0;32m  OK  [0m] Started Regular background program processing daemon.
[   20.913283] cloud-init[1096]: Cloud-init v. 0.7.9 running 'modules:config' at Thu, 18 Oct 2018 15:01:36 +0000. Up 20.56 seconds.
[[0;32m  OK  [0m] Started Snappy daemon.
         Starting Auto import assertions from block devices...
[[0;32m  OK  [0m] Started OpenBSD Secure Shell server.
[[0;32m  OK  [0m] Started iSCSI initiator daemon (iscsid).
[[0;32m  OK  [0m] Started Apache Tomcat Web Application Container.
[[0;32m  OK  [0m] Started Apply the settings specified in cloud-config.
[[0;32m  OK  [0m] Started /etc/rc.local Compatibility.
[[0;32m  OK  [0m] Started vboxadd-x11.service.
[[0;32m  OK  [0m] Started Auto import assertions from block devices.
         Starting Login to default iSCSI targets...
[[0;32m  OK  [0m] Started Login Service.
[[0;32m  OK  [0m] Started LSB: Record successful boot for GRUB.
[[0;32m  OK  [0m] Started LSB: MD monitoring daemon.
[[0;32m  OK  [0m] Started Login to default iSCSI targets.
[[0;32m  OK  [0m] Reached target Remote File Systems (Pre).
[[0;32m  OK  [0m] Reached target Remote File Systems.
         Starting Permit User Sessions...
         Starting LSB: Set the CPU Frequency Scaling governor to "ondemand"...
         Starting LSB: automatic crash report generation...
         Starting LSB: daemon to balance interrupts for SMP systems...
         Starting LSB: Apache2 web server...
[[0;32m  OK  [0m] Started LSB: Set the CPU Frequency Scaling governor to "ondemand".
[[0;32m  OK  [0m] Started Permit User Sessions.
         Starting Hold until boot process finishes up...
         Starting Terminate Plymouth Boot Screen...
[[0;32m  OK  [0m] Started Hold until boot process finishes up.
[[0;32m  OK  [0m] Started Terminate Plymouth Boot Screen.
[[0;32m  OK  [0m] Started System Logging Service.
[[0;32m  OK  [0m] Started Getty on tty1.
         Starting Set console scheme...
[[0;32m  OK  [0m] Started Serial Getty on ttyS0.
[[0;32m  OK  [0m] Reached target Login Prompts.
[[0;32m  OK  [0m] Started LSB: daemon to balance interrupts for SMP systems.
[[0;32m  OK  [0m] Started Set console scheme.
[[0;32m  OK  [0m] Started LSB: automatic crash report generation.
[[0;32m  OK  [0m] Started vboxadd.service.
         Starting vboxadd-service.service...
         Starting Authenticate and Authorize Users to Run Privileged Tasks...
[[0;32m  OK  [0m] Started vboxadd-service.service.
[[0;32m  OK  [0m] Started Authenticate and Authorize Users to Run Privileged Tasks.
[[0;32m  OK  [0m] Started Accounts Service.
[[0;32m  OK  [0m] Started LXD - container startup/shutdown.
[[0;32m  OK  [0m] Created slice User Slice of ubuntu.
         Starting User Manager for UID 1000...
[[0;32m  OK  [0m] Started Session 1 of user ubuntu.
[[0;32m  OK  [0m] Started User Manager for UID 1000.

Ubuntu 16.04.2 LTS jenkins ttyS0

jenkins login: [   29.692494] cloud-init[1533]: Cloud-init v. 0.7.9 running 'modules:final' at Thu, 18 Oct 2018 15:01:44 +0000. Up 29.43 seconds.
[   29.695396] cloud-init[1533]: Cloud-init v. 0.7.9 finished at Thu, 18 Oct 2018 15:01:45 +0000. Datasource DataSourceNoCloud [seed=/dev/sdb][dsmode=net].  Up 29.67 seconds
[[0;32m  OK  [0m] Stopped target Timers.
[[0;32m  OK  [0m] Stopped target Cloud-init target.
[[0;32m  OK  [0m] Stopped Execute cloud user/final scripts.
[[0;32m  OK  [0m] Stopped Timer to automatically refresh installed snaps.
[[0;32m  OK  [0m] Stopped target Graphical Interface.
[[0;32m  OK  [0m] Stopped target Multi-User System.
[[0;32m  OK  [0m] Stopped target Login Prompts.
         Stopping Getty on tty1...
         Stopping D-Bus System Message Bus...
         Stopping System Logging Service...
         Stopping Apache Tomcat Web Application Container...
         Stopping FUSE filesystem for LXC...
         Stopping LSB: Record successful boot for GRUB...
         Stopping MySQL Community Server...
         Stopping LSB: automatic crash report generation...
         Stp         Stopping Session 11 of user ubuntu.
         Stopping LSB: daemon to balance interrupts for SMP systems...
         Stopping Deferred execution scheduler...
         Stopping OpenBSD Secure Shell server...
         Stopping LSB: Set the CPU Frequency Scaling governor to "ondemand"...
         Stopping Regular background program processing daemon...
         Stopping Snappy daemon...
[[0;32m  OK  [0m] Stopped target Cloud-config availability.
         Stopping LSB: Apache2 web server...
         Stopping Authenticate and Authorize Users to Run Privileged Tasks...
         Stopping vboxadd-service.service...
[[0;32m  OK  [0m] Unmounted /var/lib/lxcfs.
[[0;32m  OK  [0m] Stopped ACPI event daemon.
[[0;32m  OK  [0m] Stopped OpenBSD Secure Shell server.
[[0;32m  OK  [0m] Stopped Accounts Service.
[[0;32m  OK  [0m] Stopped System Logging Service.
[[0;32m  OK  [0m] Stopped Deferred execution scheduler.
[[0;32m  OK  [0m] Stopped Regular background program processing daemon.
[[0;32m  OK  [0m] Stopped Snappy daemon.
[[0;32m  OK  [0m] Stopped Getty on tty1.
[[0;32m  OK  [0m] Stopped Serial Getty on ttyS0.
[[0;32m  OK  [0m] Stopped Authenticate and Authorize Users to Run Privileged Tasks.
[[0;32m  OK  [0m] Stopped User Manager for UID 1000.
[[0;32m  OK  [0m] Stopped D-Bus System Message Bus.
[[0;32m  OK  [0m] Stopped vboxadd-x11.service.
[[0;32m  OK  [0m] Stopped Session 11 of user ubuntu.
[[0;32m  OK  [0m] Stopped FUSE filesystem for LXC.
[[0;32m  OK  [0m] Stopped LSB: MD monitoring daemon.
[[0;32m  OK  [0m] Stopped LSB: Record successful boot for GRUB.
[[0;32m  OK  [0m] Stopped LSB: automatic crash report generation.
[[0;32m  OK  [0m] Stopped LSB: daemon to balance interrupts for SMP systems.
[[0;32m  OK  [0m] Stopped LXD - container startup/shutdown.
[[0;32m  OK  [0m] Stopped LSB: Set the CPU Frequency Scaling governor to "ondemand".
[[0;32m  OK  [0m] Removed slice User Slice of ubuntu.
         Stopping Login Service...
[[0;32m  OK  [0m] Removed slice system-serial\x2dgetty.slice.
[[0;32m  OK  [0m] Stopped /etc/rc.local Compatibility.
         Stopping Permit User Sessions...
[[0;32m  OK  [0m] Removed slice system-getty.slice.
[[0;32m  OK  [0m] Stopped vboxadd-service.service.
[[0;32m  OK  [0m] Stopped Permit User Sessions.
[[0;32m  OK  [0m] Stopped Login Service.
[[0;32m  OK  [0m] Stopped target User and Group Name Lookups.
         Stopping vboxadd.service...
[[0;32m  OK  [0m] Unmounted /vagrant.
[[0;32m  OK  [0m] Stopped vboxadd.service.
[[0;32m  OK  [0m] Stopped LSB: Apache2 web server.
[[0;32m  OK  [0m] Stopped target Remote File Systems.
[[0;32m  OK  [0m] Stopped target Remote File Systems (Pre).
         Stopping Login to default iSCSI targets...
[[0;32m  OK  [0m] Stopped MySQL Community Server.
[[0;32m  OK  [0m] Stopped Login to default iSCSI targets.
         Stopping iSCSI initiator daemon (iscsid)...
[[0;32m  OK  [0m] Stopped iSCSI initiator daemon (iscsid).
[[0;32m  OK  [0m] Stopped target Network is Online.
[[0;32m  OK  [0m] Stopped Apache Tomcat Web Application Container.
[[0;32m  OK  [0m] Stopped target Basic System.
[[0;32m  OK  [0m] Stopped target Paths.
[[0;32m  OK  [0m] Stopped Dispatch Password Requests to Console Directory Watch.
[[0;32m  OK  [0m] Stopped ACPI Events Check.
[[0;32m  OK  [0m] Stopped Forward Password Requests to Wall Directory Watch.
[[0;32m  OK  [0m] Stopped target Slices.
[[0;32m  OK  [0m] Removed slice User and Session Slice.
[[0;32m  OK  [0m] Stopped target Sockets.
[[0;32m  OK  [0m] Closed ACPID Listen Socket.
[[0;32m  OK  [0m] Closed Socket activation for snappy daemon.
[[0;32m  OK  [0m] Closed D-Bus System Message Bus Socket.
[[0;32m  OK  [0m] Closed LXD - unix socket.
[[0;32m  OK  [0m] Closed UUID daemon activation socket.
[[0;32m  OK  [0m] Closed Syslog Socket.
[[0;32m  OK  [0m] Stopped target System Initialization.
[[0;32m  OK  [0m] Stopped Create Volatile Files and Directories.
         Stopping Load/Save Random Seed...
[[0;32m  OK  [0m] Stopped target Encrypted Volumes.
[[0;32m  OK  [0m] Stopped Initial cloud-init job (metadata service crawler).
[[0;32m  OK  [0m] Stopped target Swap.
[[0;32m  OK  [0m] Stopped target Network.
         Stopping Raise network interfaces...
[[0;32m  OK  [0m] Stopped Load/Save Random Seed.
[[0;32m  OK  [0m] Stopped Raise network interfaces.
[[0;32m  OK  [0m] Stopped Apply Kernel Variables.
[[0;32m  OK  [0m] Stopped Load Kernel Modules.
[[0;32m  OK  [0m] Stopped target Local File Systems.
         Starting Unattended Upgrades Shutdown...
         Unmounting /run/user/1000...
[[0;32m  OK  [0m] Stopped target Network (Pre).
[[0;32m  OK  [0m] Stopped Initial cloud-init job (pre-networking).
[[0;32m  OK  [0m] Unmounted /run/user/1000.
[[0;32m  OK  [0m] Reached target Unmount All Filesystems.
[[0;32m  OK  [0m] Stopped target Local File Systems (Pre).
         Stopping Monitoring of LVM2 mirrors... dmeventd or progress polling...
[[0;32m  OK  [0m] Stopped Remount Root and Kernel File Systems.
[[0;32m  OK  [0m] Stopped Create Static Device Nodes in /dev.
[[0;32m  OK  [0m] Stopped Monitoring of LVM2 mirrors,...ng dmeventd or progress polling.
         Stopping LVM2 metadata daemon...
[[0;32m  OK  [0m] Stopped LVM2 metadata daemon.
[[0;32m  OK  [0m] Started Unattended Upgrades Shutdown.
[[0;32m  OK  [0m] Reached target Shutdown.
[10232.945891] reboot: Power down
