[    0.00000] Initializing cgroup subsys cpuset
[    0.000000] Initializing cgroup subsys cpu
[    0.000000] Initializing cgroup subsys cpuacct
[    0.000000] Linux version 4.4.0-66-generic (buildd@lgw01-28) (gcc version 5.4.0 20160609 (Ubuntu 5.4.0-6ubuntu1~16.04.4) ) #87-Ubuntu SMP Fri Mar 3 15:29:05 UTC 2017 (Ubuntu 4.4.0-66.87-generic 4.4.44)
[    0.000000] Command line: BOOT_IMAGE=/boot/vmlinuz-4.4.0-66-generic root=LABEL=cloudimg-rootfs ro console=tty1 console=ttyS0
[    0.000000] KERNEL supported cpus:
[    0.000000]   Intel GenuineIntel
[    0.000000]   AMD AuthenticAMD
[    0.000000]   Centaur CentaurHauls
[    0.000000] x86/fpu: xstate_offset[2]:  576, xstate_izzes[2]:  256
[    0.000000]x86/fpu: Supporting XSAE feaure 0x01: 'x87 floating point registers'
[    0.00000] x86/fpu: Supporting XSAVE feature 0x02: 'SSE registers'
[    0.000000] x86/fpu: Supporting XSAVE feature 0x04: 'AVX registers'
[    0.000000] x86/fpu: Enabled xstate features 0x7, context size is 832 bytes, using 'standard' format.
[    0.000000] x86/fpu: Usng 'lazy' FPU context switches.
[    0.000000] e820: BIOS-provided physical RAM ma:
[  0.000000]BIOS-e820: [mem 0x0000000000000000-0x000000000009fbff] usable
[    0.000000] BIO-e820: [em 0x000000000009fc00-0x000000000009ffff] reserved
[    0.000000] BIOS-e820: [mem 0x00000000000f0000-0x00000000000fffff] reserved
[    0.000000] BIOS-e820: [mem 0x0000000000100000-0x00000000dffeffff] usable
[    0.000000] BIOS-e820: [mem 0x00000000dfff0000-0x00000000dfffffff] ACPI data
[    0.000000] BIOS-e820: [mem 0x00000000fec000000x00000000fec00ff] reserved
[    0.000000] BIOS-e80: [mem 0x00000000fee00000-0x000000fee00fff] reserved
[    0.0000000] BIOS-e820: [mem 0x00000000fffc0000-0x0000000ffffffff] reserved
[    0.000000] IOS-e820: [mem 0x000000100000000-0x000000011fffffff] usable
[    0.000000] NX (Execute Disable) protection: active
[    0.000000] SMBIOS 2.5present.
[    0.000000] Hypervisor detected: KVM
[    0.00000] e820: last_pfn = 0x120000 max_arch_pfn = 0x400000000
[    0.00000] MTRR: Diabled
[    0.000000] x86/PAT: MTRRs disabled, skipping PAT initialization too.[    0.00000] x86/PAT: Configuration [0-7]: WB  WT  UC- UC  WB  WT UC- UC  
[    0.000000] CPU MTRRs all blank - virtualized ystem.
[    0.000000] e820: last_pfn = 0xdfff0 max_arc_pfn = 0x400000000
[    0.000000] found SMP MP-table at [mem 0x0009fff0-0x0009ffff] mapped at [ffff88000009fff0]
[    0.000000] Scanning 1 areas for low memory corruption
[    0.000000] RAMDISK: [mem0x36ad600-0x3756fff]
[    0.000000] ACPI: Early tablechecksum verification disabled
[    0.000000] ACPI: RSDP 0x00000000000E0000 000024 (v02 VBOX  )
[    0.000000] ACPI: XSDT 0x00000000DFF0030 00003C (v01 VBX   VBOXXSDT 00000001 ASL  00000061)
[    0.000000] ACPI: FACP 0x00000000DF00F0 0000F4 (v04 VBOX   VBOXFACP 00000001 ASL  00000061)
[    0000000] ACPI: DSDT 0x00000000DFFF0470 0021FF (v02 VBOX   VBOXBIOS 00000002 INTL 20100528)
[    0.000000] ACPI: FACS 0x00000000DFFF0200 000040
[    0.000000] ACPI: FACS 0x00000000DFFF0200 000040
[    0.000000] ACPI: APIC 0x00000000DFFF0240 00005C (v02 VBOX   VBOXAPIC 00000001 ASL  00000061)
[    0.000000] ACPI: SSDT 0x00000000DFFF02A0 0001CC (v01 VBOX   VBOXCPUT 00000002 INTL 20100528)
[    0.000000] No NUMA configuration found
[    0.000000] Faking a node at [mem 0x0000000000000000-0x000000011fffffff]
[    0.000000] NODE_DATA(0) allocated [mem 0x11fff7000-0x11ffffff]
[    0.000000 kvm-clock: Using msrs 4b564d01 and 4b564d00
[    0.000000] kvm-clock: cpu 0, msr 1:1ffef001, primary cpu clock
[    0.000000] kvm-cloc: using sched offset of 5258304318 cycles
[    0.000000] clocksurce: kvm-loock: mask: 0ffffffffffffffff max_cycles: 0x1d42e4dffb, max_idle_ns: 881590591483 ns
[    0.000000] Zone ranges:
[    0.000000]   DMA      [mem 0x0000000000001000-0x00000000ffffff]
[    0.000000]   DMA32   [mem x0000000001000000-0x00000000ffffffff]
[    0.000000]   Normal   [mem 0x0000000100000000-0x000000011ffffff]
[    0.000000]   Device   empt
[    0.000000] Movable zone tart for each node
[    0.000000] Early memoy nde ranges
[    0.000000]   node   0: [mem 0x0000000000001000-0x000000000009efff]
[    0.000000]   node   0: [mem 0x0000000000100000-0x00000000dffeffff]
[    0.000000]   node   0: [mem 0x0000000100000000-0x000000011fffffff]
[    0.000000] Initmem setup node 0 [mem 0x0000000000001000-0x000000011fffffff]
[    0.000000] ACPI: PM-Timer IO Port: 0x4008
[    0.00000] IOAC[0]: apic_id 2, version 32, address 0xfec00000, GSI -23
[    0.000000] ACPI: INT_SRC_OR (bus 0 bus_irq 0 global_irq 2 dfl dl)
[    0.000000] ACPI: INT_SRC_OVR (bus 0 bus_irq 9 global_irq 9 low level)
[    0.000000] Using ACPI (MADT) for SMP configuration information
[    0.000000] smpboot: Allowing 2 CPUs, 0 hotplug CPUs
[    0.000000] PM: Registered nosave memoy: [mem 0x00000000-0x0000fff]
[    0.00000] PM: Registered nosave memory: [mem 0x0009f000-0x0009ffff]
[    0.000000] PM: Registered nosave memory: [mem 0x000a00000x000effff]
[    0.000000] PM: Registered nosave memory: [mem 0x000f0000-0x000fffff]
[    0.000000] PM: Registered nosave memory: [mem 0xdfff0000-0xdfffffff]
[    0.000000] PM: Registered nosave memory: [mem 0xe0000000-0xfebfffff]
[    0.000000] PM: Registered nosave memory: [mem 0xfec00000-0xfec00fff]
[    0.00000] PM: Registered nosave memory: [mem 0xfec01000-0xfedfffff]
[    0.000000] PM: Registered nosave memry: [mem 0xfee00000-0xfee00fff]
[    0.000000] PM: Registered nosave memory: [mem 0xfee01000-0xfffbffff]
[    0.000000] PM: Registered nosave memory: [mem 0xfffc0000-0xffffffff]
[    0.000000 e820: [mem 0xe0000000-0xfebffff] available for PCI deices
[    0.000000] Booting paravirtualized kernel on KVM
[    0.000000] clocksource: refined-jiffie: mask: 0xfffffff max_cycles: 0xffffffff, max_idle_ns: 7645519600211568 ns
[    0.000000] setup_percpu: NR_CPUS:512 nr_cpumask_ts:512 nr_cpu_ids:2 nr_node_ids:1
[    0.000000] PERCPU: Embedded 33 pages/cpu @ffff88011fc00000 s98264 r8192 d28712 u1004876
[    0.000000] PVqspinlock hash table entries: 256 (ordr: 0, 4096 bytes)
[    0.000000] Built 1 zonelists in Node order, mobility grouping on.  Total pages: 1032057
[    0.000000] Policy zone: Normal
[    0.000000] Kernel command line: BOOT_IMAGE=/boot/vlinuz-4.4.0-66-generic root=LABEL=cloudimg-rootfs ro console=tty1 console=ttyS0[    0.000000] PPID hash table entries: 4096 (order: 3, 32768 bytes)
[    0.000000]Memory: 4032284K/4193848K availale (8452 kernel code, 1293K rwdata, 3980Krodata, 148K init, 316K bss, 161564K reserved, 0K cma-reserved)
    0.000000] SLUB: HWalign=64, Order=0-3, MinObjects=0, CPUs=2, Nodes=1
[    0.000000] Hierarchical RCU implementation.
[    0.000000] 	uild-timeadjustment of leaf fanut to 64.
[    0.000000] 	RCU restricting CPUs from NR_CPUS=512 to nr_cpu_ids=2.
[    0.000000] RCU: Adjusting geometry for rcu_fanout_leaf=64, nr_cpu_ids=2
[    0.000000] NR_IRQS:33024 nr_irqs:440 16
[    0.00000] Console: colour VGA+ 80x25
[    0.000000] console [tty1] enabled
[    0.000000] console [ttyS0] enabled
[    0.000000] tsc: Detected 1800.000 MHz processor
[    2.148257] Calibrating delay loop (skipped) preset value.. 3600.00 BogoMIPS (lpj=7200000)
[    2.163580] pid_max: default: 32768 minimum: 301
[    2.165879] ACPI: Core revision 20150930
[    2.168528] ACPI: 2 ACPI AML tables successfully acquired and loaded
[    2.171816] Security Framework initialized
[    2.180585] Yama: becoming mindful.
[    2.191226] AppArmor: AppArmor initialized
[    2.196060] Dentry cache hash table entries: 524288 (order: 10, 4194304 bytes)
[    2.209704] Inode-cache hash table entries: 262144 (order: 9, 2097152 bytes)
[    2.231551] Mount-cache hash table entries: 8192 (order: 4, 65536 bytes)
[    2.251871] Mountpoint-cache hash table entries: 8192 (order: 4, 65536 bytes)
[    2.255300] Initializing cgroup subsys io
[    2.260540] Initializing cgroup subsys memory
[    2.268129] Initializing cgroup subsys devices
[    2.274008] Initializing cgroup subsys freezer
[    2.276486] Initializing cgroup subsys net_cls
[    2.278523] Initializing cgroup subsys perf_event
[    2.284540] Initializing cgroup subsys net_prio
[    2.287719] Initializing cgroup subsys hugetlb
[    2.297022] Initializing cgroup subsys pids
[    2.305053] CPU: Physical Processor ID: 0
[    2.308712] CPU: Processor Core ID: 0
[    2.311597] mce: CPU supports 0 MCE banks
[    2.313178] Last level iTLB entries: 4KB 64, 2MB 8, 4MB 8
[    2.322606] Last level dTLB entries: 4KB 64, 2MB 0, 4MB 0, 1GB 4
[    2.329698] Freeing SMP alternatives memory: 32K (ffffffff820b9000 - ffffffff820c1000)
[    2.356856] ftrace: allocating 32123 entries in 126 pages
[    2.405779] smpboot: APIC(0) Converting physical 0 to logical package 0
[    2.421238] smpboot: Max logical packages: 1
[    2.424757] x2apic enabled
[    2.433494] Switched APIC routing to physical x2apic.
[    2.442200] ..TIMER: vector=0x30 apic1=0 pin1=2 apic2=-1 pin2=-1
[    2.563333] smpboot: CPU0: Intel(R) Core(TM) i5-5350U CPU @ 1.80GHz (family: 0x6, model: 0x3d, stepping: 0x4)
[    2.569177] Performance Events: unsupported p6 CPU model 61 no PMU driver, software events only.
[    2.583889] KVM setup paravirtual spinlock
[    2.598581] x86: Booting SMP configuration:
[    2.600806] .... node  #0, CPUs:      #1
[    2.604189] kvm-clock: cpu 1, msr 1:1ffef041, secondary cpu clock
[    2.607845] mce: CPU supports 0 MCE banks
[    2.624203] x86: Booted up 1 node, 2 CPUs
[    2.632067] smpboot: Total of 2 processors activated (7200.00 BogoMIPS)
[    2.638957] devtmpfs: initialized
[    2.644802] evm: security.selinux
[    2.646440] evm: security.SMACK64
[    2.648136] evm: security.SMACK64EXEC
[    2.650351] evm: security.SMACK64TRANSMUTE
[    2.651888] evm: security.SMACK64MMAP
[    2.657675] evm: security.ima
[    2.659090] evm: security.capability
[    2.661724] clocksource: jiffies: mask: 0xffffffff max_cycles: 0xffffffff, max_idle_ns: 7645041785100000 ns
[    2.667348] pinctrl core: initialized pinctrl subsystem
[    2.673984] RTC time: 18:32:59, date: 11/11/18
[    2.676349] NET: Registered protocol family 16
[    2.687359] cpuidle: using governor ladder
[    2.707558] cpuidle: using governor menu
[    2.713015] PCCT header not found.
[    2.716471] ACPI: bus type PCI registered
[    2.724225] acpiphp: ACPI Hot Plug PCI Controller Driver version: 0.5
[    2.727161] PCI: Using configuration type 1 for base access
[    2.749467] ACPI: Added _OSI(Module Device)
[    2.760756] ACPI: Added _OSI(Processor Device)
[    2.763613] ACPI: Added _OSI(3.0 _SCP Extensions)
[    2.768039] ACPI: Added _OSI(Processor Aggregator Device)
[    2.781591] ACPI: Executed 1 blocks of module-level executable AML code
[    2.794964] ACPI: Interpreter enabled
[    2.802536] ACPI: (supports S0 S5)
[    2.804947] ACPI: Using IOAPIC for interrupt routing
[    2.809940] PCI: Using host bridge windows from ACPI; if necessary, use "pci=nocrs" and report a bug
[    2.825939] ACPI: PCI Root Bridge [PCI0] (domain 0000 [bus 00-ff])
[    2.832105] acpi PNP0A03:00: _OSC: OS supports [ASPM ClockPM Segments MSI]
[    2.843226] acpi PNP0A03:00: _OSC: not requesting OS control; OS requires [ExtendedConfig ASPM ClockPM MSI]
[    2.848123] acpi PNP0A03:00: fail to add MMCONFIG information, can't access extended PCI configuration space under this bridge.
[    2.859811] PCI host bridge to bus 0000:00
[    2.868052] pci_bus 0000:00: root bus resource [io  0x0000-0x0cf7 window]
[    2.879012] pci_bus 0000:00: root bus resource [io  0x0d00-0xffff window]
[    2.888748] pci_bus 0000:00: root bus resource [mem 0x000a0000-0x000bffff window]
[    2.918280] pci_bus 0000:00: root bus resource [mem 0xe0000000-0xfdffffff window]
[    2.976274] pci_bus 0000:00: root bus resource [bus 00-ff]
[    3.004790] pci 0000:00:01.1: legacy IDE quirk: reg 0x10: [io  0x01f0-0x01f7]
[    3.020743] pci 0000:00:01.1: legacy IDE quirk: reg 0x14: [io  0x03f6]
[    3.025970] pci 0000:00:01.1: legacy IDE quirk: reg 0x18: [io  0x0170-0x0177]
[    3.037412] pci 0000:00:01.1: legacy IDE quirk: reg 0x1c: [io  0x0376]
[    3.106849] pci 0000:00:07.0: quirk: [io  0x4000-0x403f] claimed by PIIX4 ACPI
[    3.118558] pci 0000:00:07.0: quirk: [io  0x4100-0x410f] claimed by PIIX4 SMB
[    3.163556] ACPI: PCI Interrupt Link [LNKA] (IRQs 5 9 10 *11)
[    3.175566] ACPI: PCI Interrupt Link [LNKB] (IRQs 5 9 *10 11)
[    3.179652] ACPI: PCI Interrupt Link [LNKC] (IRQs 5 *9 10 11)
[    3.182695] ACPI: PCI Interrupt Link [LNKD] (IRQs 5 9 10 *11)
[    3.194275] ACPI: Enabled 2 GPEs in block 00 to 07
[    3.200451] vgaarb: setting as boot device: PCI:0000:00:02.0
[    3.202752] vgaarb: device added: PCI:0000:00:02.0,decodes=io+mem,owns=io+mem,locks=none
[    3.205858] vgaarb: loaded
[    3.207466] vgaarb: bridge control possible 0000:00:02.0
[    3.211964] SCSI subsystem initialized
[    3.221363] ACPI: bus type USB registered
[    3.224950] usbcore: registered new interface driver usbfs
[    3.229676] usbcore: registered new interface driver hub
[    3.234178] usbcore: registered new device driver usb
[    3.239897] PCI: Using ACPI for IRQ routing
[    3.249279] NetLabel: Initializing
[    3.250853] NetLabel:  domain hash size = 128
[    3.252627] NetLabel:  protocols = UNLABELED CIPSOv4
[    3.261294] NetLabel:  unlabeled traffic allowed by default
[    3.263556] amd_nb: Cannot enumerate AMD northbridges
[    3.270853] clocksource: Switched to clocksource kvm-clock
[    3.297330] AppArmor: AppArmor Filesystem Enabled
[    3.300506] pnp: PnP CPI init
[    3.331364] pnp: PnP ACPI: found 3 devices

[    3.348713] clocksource: acpi_pm: mask: 0xffffff max_cycles: 0xffffff, max_idle_ns: 2085701024 ns
[    3352504] NET: Registered protocol family 2

[    3.379593] TCP established hash table entries: 3278 (order: 6, 262144 bytes)

[    3.411133] TCP bind hash table entries: 32768 (order: 7, 524288 bytes)
[    3.19088 TCP: Hash tales configured (estalished 32768 bind 32768)
[    3.521850] UDP hash able etries: 2048 (order: 4, 65536 bytes)
[    3.574355] UDP-Lite hash table entries: 2048 (order: 4, 65536 bytes)
[    3.578560] NET: Registered protocol family 1
[    3.580399] pci 000:00:00.0: Limiting direct PCI/PCI transfers
[    3607789] pci 0000:00:01.: Activatng ISA DMA hag workarounds
[    3.711157] Trying to unpack rootfs image as initramfs...
[    5.671925] Freeing initrd memory: 10804K (ffff88036ad6000 - ffff880037563000)

[    5.700946] PCI-DMA: Using software bonce buffering for IO (SWIOTLB
[    5.760061] software IO TLB [mem 0xdbff0000-0xdfff0000] (64MB) mapped at [ffff8800dbff0000-ffff8800dffeffff]

[    5.765988] RAPL PMU detected, API unit is 2^-32 Joules, 4 fixed counters 10737418240 s ovfl time
[    5.821554] hw unit of domain pp0-core 2^-0 Joules

[    5.824115] hw unit of domain package 2^-0 Joules
[    5.827447] hw unit of domain dram 2^-0 Joules
[    5.838844] hw unit of domain pp1-gpu 2^-0 Joules
[    5.841469] platform rtc_cmos: registered patform RTC device (no PNP device found)
[    5.870319] Scanning for low memory corruption every 60 seconds

[    5.874034] futex hash table entries: 512 (order: 3, 32768 bytes)
[    5.877189] audit: initializing netlink subsys (disabled)
[    5.888095] audit: type=2000 audit(1541961187.633:1): initialized
[    5.890689] Initialise system trusted keyring
[    5.893305] HugeTLB registered 2 MB page size, pre-allocated 0 pages
[    5.898696] zbud: loaded
[    5.904577] VFS: Disk quotas dquot_6.6.0
[    5.908545] VFS: Dquot-cache hash table entries: 512 (order 0, 4096 bytes)
[    5.912682] squashfs: version 4.0 (2009/01/31) Phillip Lougher
[    5.916178] fuse init (API version 7.23)
[    5.921521] Key type big_key registered
[    5.922977] Allocating IMA MOK and blacklist keyrings.
[    5.935993] Key type asymmetric registered
[    5.937969] Asymmetric key parser 'x509' registered
[    5.940276] Block layer SCSI generic (bsg) driver version 0.4 loaded (major 249)
[    5.943387] io scheduler noop registered
[    5.944926] io scheduler deadline registered (default)
[    5.946771] io scheduler cfq registered
[    5.948594] pci_hotplug: PCI Hot Plug PCI Core version: 0.5
[    5.950730] pciehp: PCI Express Hot Plug Controller Driver version: 0.4
[    5.964366] ACPI: AC Adapter [AC] (off-line)
[    5.966506] input: Power Button as /devices/LNXSYSTM:00/LNXPWRBN:00/input/input0
[    5.988385] ACPI: Power Button [PWRF]
[    5.996127] input: Sleep Button as /devices/LNXSYSTM:00/LNXSLPBN:00/input/input1
[    6.000640] ACPI: Sleep Button [SLPF]
[    6.012268] GHES: HEST is not enabled!
[    6.014222] Serial: 8250/16550 driver, 32 ports, IRQ sharing enabled
[    6.014282] ACPI: Battery Slot [BAT0] (battery present)
[    6.062389] 00:02: ttyS0 at I/O 0x3f8 (irq = 4, base_baud = 115200) is a 16550A
[    6.090018] Linux agpgart interface v0.103
[    6.096165] brd: module loaded
[    6.103448] loop: module loaded
[    6.108911] scsi host0: ata_piix
[    6.111529] scsi host1: ata_piix
[    6.113167] ata1: PATA max UDMA/33 cmd 0x1f0 ctl 0x3f6 bmdma0xd000 irq 4
[    6.167046] ata2: PTA max UDMA/33 cm 0x170 ctl 0x376 bmdma 0xd008 irq 15

[    6.221251] libphy: Fixed MDIO Bus: probed
[    6.223543] tun: Universal TUN/AP devce driver, 1.6
[    6.305086] tun: (C) 1999-2004 Max Krasnyansky <maxk@qualcomm.com>
[    6.307515] PPP generic driver versin 2.4.2
[    6.375638] ehci_hcd: USB 2.0 'Enhanced' Host Controller (EHCI) Driver
[    6.385243] ehci-pci: EHCI PCI platform driver
[    6.389015] ehci-platform: EHCI generic platform driver
[    6.404513] ohci_hcd: USB 1.1 'Open' Host Controller (OHCI) Driver
[    6.409719] ohci-pci: OHCI PCI platform driver
[    6.417197] ohci-platform: OHCI generic platform driver
[    6.420139] uhci_hcd: USB Universal Host Controller Interface driver
[    6.435101] i8042: PNP: PS/2 Controller [PNP0303:PS2K,PNP0f03:PS2M] at 0x60,0x64 irq 1,12
[    6.446979] serio: i8042 KBD port at 0x60,0x64 irq 1
[    6.459602] serio: i8042 AUX port at 0x60,0x64 irq 12
[    6.471985] mousedev: PS/2 mouse device common for all mice
[    6.483136] input: AT Translated Set 2 keyboard as /devices/platform/i8042/serio0/input/input2
[    6.493620] rtc_cmos rtc_cmos: rtc core: registered rtc_cmos as rtc0
[    6.497069] rtc_cmos rtc_cmos: alarms up to one day, 114 bytes nvram
[    6.503151] i2c /dev entries driver
[    6.510739] device-mapper: uevent: version 1.0.3
[    6.513179] device-mapper: ioctl: 4.34.0-ioctl (2015-10-28) initialised: dm-devel@redhat.com
[    6.518464] ledtrig-cpu: registered to indicate activity on CPUs
[    6.528091] NET: Registered protocol family 10
[    6.530638] NET: Registered protocol family 17
[    6.533519] Key type dns_resolver registered
[    6.536521] microcode: CPU0 sig=0x306d4, pf=0x40, revision=0x0
[    6.547352] microcode: CPU1 sig=0x306d4, pf=0x40, revision=0x0
[    6.557592] microcode: Microcode Update Driver: v2.01 <tigran@aivazian.fsnet.co.uk>, Peter Oruba
[    6.574038] registered taskstats version 1
[    6.577219] Loading compiled-in X.509 certificates
[    6.580226] Loaded X.509 cert 'Build time autogenerated kernel key: 32ca4feee90b5cde51f5f8c0e024b22f8c679982'
[    6.592223] zswap: loaded using pool lzo/zbud
[    6.597371] Key type trusted registered
[    6.606224] Key type encrypted registered
[    6.611922] AppArmor: AppArmor sha1 policy hashing enabled
[    6.618262] ima: No TPM chip found, activating TPM-bypass!
[    6.620649] evm: HMAC attrs: 0x1
[    6.624297]   Magic number: 10:245:544
[    6.626887] tty ttyS20: hash matches
[    6.630127] rtc_cmos rtc_cmos: setting system clock to 2018-11-11 18:33:03 UTC (1541961183)
[    6.641291] BIOS EDD facility v0.16 2004-Jun-25, 0 devices found
[    6.644408] EDD information not available.
[    6.649338] Freeing unused kernel memory: 1488K (ffffffff81f45000 - ffffffff820b9000)
[    6.663485] Write protecting the kernel read-only data: 14336k
[    6.666922] Freeing unused kernel memory: 1776K (ffff880001844000 - ffff880001a00000)
[    6.686152] Freeing unused kernel memory: 116K (ffff880001de3000 - ffff880001e00000)
Loading, please wait...
starting version[    6.707536] random: systemd-udevd: uninitialized urandom read (16 bytes read, 5 bits of entropy available)
 229
[    6.708283] random: udevadm: uninitialized urandom read (16 bytes read, 5 bits of entropy available)
[    6.708320] random: udevadm: uninitialized urandom read (16 bytes read, 5 bits of entropy available)
[    6.708490] random: udevadm: uninitialized urandom read (16 bytes read, 5 bits of entropy available)
[    6.708532] random: udevadm: uninitialized urandom read (16 bytes read, 5 bits of entropy available)
[    6.708573] random: udevadm: uninitialized urandom read (16 bytes read, 5 bits of entropy available)
[    6.708614] random: udevadm: uninitialized urandom read (16 bytes read, 5 bits of entropy available)
[    6.708657] random: udevadm: uninitialized urandom read (16 bytes read, 5 bits of entropy available)
[    6.708694] random: udevadm: uninitialized urandom read (16 bytes read, 5 bits of entropy available)
[    6.708731] random: udevadm: uninitialized urandom read (16 bytes read, 5 bits of entropy available)
[    6.847252] tsc: Refined TSC clocksource calibration: 1800.364 MHz
[    6.847254] clocksource: tsc: mask: 0xffffffffffffffff max_cycles: 0x19f38163847, max_idle_ns: 440795203083 ns
[    6.899526] e1000: Intel(R) PRO/1000 Network Driver - version 7.3.21-k8-NAPI
[    6.903998] e1000: Copyright (c) 1999-2006 Intel Corporation.
[    6.936433] Fusion MPT base driver 3.04.20
[    6.938245] Copyright (c) 1999-2008 LSI Corporation
[    6.961155] AVX2 version of gcm_enc/dec engaged.
[    6.975723] AES CTR mode by8 optimization enabled
[    6.985241] Fusion MPT SPI Host driver 3.04.20
[    7.148546] input: ImExPS/2 Generic Explorer Mouse as /devices/platform/i8042/serio1/input/input4
[    7.427416] e1000 0000:00:03.0 eth0: (PCI:33MHz:32-bit) 02:6f:7d:42:85:2c
[    7.433786] e1000 0000:00:03.0 eth0: Intel(R) PRO/1000 Network Connection
[    7.953886] e1000 0000:00:08.0 eth1: (PCI:33MHz:32-bit) 08:00:27:ab:86:75
[    7.958385] e1000 0000:00:08.0 eth1: Intel(R) PRO/1000 Network Connection
[    7.964661] e1000 0000:00:03.0 enp0s3: renamed from eth0
[    7.972445] mptbase: ioc0: Initiating bringup
[    7.988240] e1000 0000:00:08.0 enp0s8: renamed from eth1
[    8.042803] ioc0: LSI53C1030 A0: Capabilities={Initiator}
[    8.896670] scsi host2: ioc0: LSI53C1030 A0, FwRev=00000000h, Ports=1, MaxQ=256, IRQ=20
[    9.954030] scsi 2:0:0:0: Direct-Access     VBOX     HARDDISK         1.0  PQ: 0 ANSI: 5
[    9.964678] scsi target2:0:0: Beginning Domain Validation
[   10.004160] floppy0: no floppy controllers found
[   10.004234] work still pending
[   10.022834] scsi target2:0:0: Domain Validation skipping write tests
[   10.035655] scsi target2:0:0: Ending Domain Validation
[   10.045324] scsi target2:0:0: asynchronous
[   10.052700] scsi 2:0:1:0: Direct-Access     VBOX     HARDDISK         1.0  PQ: 0 ANSI: 5
[   10.066417] scsi target2:0:1: Beginning Domain Validation
[   10.079564] scsi target2:0:1: Domain Validation skipping write tests
[   10.082201] scsi target2:0:1: Ending Domain Validation
[   10.093042] scsi target2:0:1: asynchronous
[   10.109241] sd 2:0:0:0: Attached scsi generic sg0 type 0
[   10.109246] sd 2:0:0:0: [sda] 419430400 512-byte logical blocks: (215 GB/200 GiB)
[   10.114667] sd 2:0:1:0: Attached scsi generic sg1 type 0
[   10.132842] sd 2:0:0:0: [sda] Write Protect is off
[   10.140834] sd 2:0:1:0: [sdb] 20480 512-byte logical blocks: (10.5 MB/10.0 MiB)
[   10.141105] sd 2:0:1:0: [sdb] Write Protect is off
[   10.141278] sd 2:0:1:0: [sdb] Incomplete mode parameter data
[   10.141279] sd 2:0:1:0: [sdb] Assuming drive cache: write through
[   10.146051] sd 2:0:1:0: [sdb] Attached SCSI disk
[   10.186983] sd 2:0:0:0: [sda] Incomplete mode parameter data
[   10.190390] sd 2:0:0:0: [sda] Assuming drive cache: write through
[   10.196236]  sda: sda1
[   10.199470] sd 2:0:0:0: [sda] Attached SCSI disk
Begin: Loading essential drivers ... [   11.587139] md: linear personality registered for level -1
[   11.593451] md: multipath personality registered for level -4
[   11.600438] md: raid0 personality registered for level 0
[   11.606640] md: raid1 personality registered for level 1
[   11.683086] raid6: sse2x1   gen()  8403 MB/s
[   11.759007] raid6: sse2x1   xor()  6198 MB/s
[   11.826917] raid6: sse2x2   gen() 10247 MB/s
[   11.894954] raid6: sse2x2   xor()  6709 MB/s
[   11.967422] raid6: sse2x4   gen() 12097 MB/s
[   12.043093] raid6: sse2x4   xor()  7998 MB/s
[   12.114975] raid6: avx2x1   gen()  8507 MB/s
[   12.182963] raid6: avx2x2   gen() 10806 MB/s
[   12.258901] raid6: avx2x4   gen() 22438 MB/s
[   12.260677] raid6: using algorithm avx2x4 gen() 22438 MB/s
[   12.263590] raid6: using avx2x2 recovery algorithm
[   12.275832] xor: automatically using best checksumming function:
[   12.323196]    avx       : 19279.000 MB/sec
[   12.337684] async_tx: api initialized (async)
[   12.365036] md: raid6 personality registered for level 6
[   12.367803] md: raid5 personality registered for level 5
[   12.371086] md: raid4 personality registered for level 4
[   12.388049] md: raid10 personality registered for level 10
done.
Begin: Running /scripts/init-premount ... done.
Begin: Mounting root file system ... Begin: Running /scripts/local-top ... done.
Begin: Running /scripts/local-premount ... [   12.429562] Btrfs loaded
Scanning for Btrfs filesystems
done.
Warning: fsck not present, so skipping root file system
[   12.536076] EXT4-fs (sda1): mounted filesystem with ordered data mode. Opts: (null)
done.
Begin: Running /scripts/local-bottom ... done.
Begin: Running /scripts/init-bottom ... done.
[   12.754000] systemd[1]: systemd 229 running in system mode. (+PAM +AUDIT +SELINUX +IMA +APPARMOR +SMACK +SYSVINIT +UTMP +LIBCRYPTSETUP +GCRYPT +GNUTLS +ACL +XZ -LZ4 +SECCOMP +BLKID +ELFUTILS +KMOD -IDN)
[   12.779015] systemd[1]: Detected virtualization oracle.
[   12.781760] systemd[1]: Detected architecture x86-64.

Welcome to [1mUbuntu 16.04.2 LTS[0m!

[   12.799808] systemd[1]: Set hostname to <ubuntu-xenial>.
[   13.269526] systemd[1]: Listening on udev Kernel Socket.
[[0;32m  OK  [0m] Listening on udev Kernel Socket.
[   13.280967] systemd[1]: Listening on Journal Socket (/dev/log).
[[0;32m  OK  [0m] Listening on Journal Socket (/dev/log).
[   13.303489] systemd[1]: Created slice System Slice.
[[0;32m  OK  [0m] Created slice System Slice.
[   13.329000] systemd[1]: Started Forward Password Requests to Wall Directory Watch.
[[0;32m  OK  [0m] Started Forward Password Requests to Wall Directory Watch.
[   13.364661] systemd[1]: Listening on LVM2 poll daemon socket.
[[0;32m  OK  [0m] Listening on LVM2 poll daemon socket.
[   13.379452] systemd[1]: Set up automount Arbitrary Executable File Formats File System Automount Point.
[[0;32m  OK  [0m] Set up automount Arbitrary Executab...ats File System Automount Point.
[   13.419115] systemd[1]: Created slice system-serial\x2dgetty.slice.
[[0;32m  OK  [0m] Created slice system-serial\x2dgetty.slice.
[   13.429102] systemd[1]: Reached target User and Group Name Lookups.
[[0;32m  OK  [0m] Reached target User and Group Name Lookups.
[   13.443833] systemd[1]: Listening on Journal Audit Socket.
[[0;32m  OK  [0m] Listening on Journal Audit Socket.
[   13.460733] systemd[1]: Listening o udev Control Socket.
[[0;32m  OK  [0m] Listening on udev Control Socket.
[   13.567685] systemd[1]: Listening on Device-mapper event daemon FIFOs.
[[0;32m  OK  [0m] Listening on Device-mapper event daemon FIFOs.
[   13.587485] systemd[1]: Reached arget Ecrypted Volumes.

[[0;32m  OK  [0m] Reached target Encrypted Volumes.
[   13.661036] systemd[1]: Reached target Swap.
[[0;32m  OK  [0m] Reached target Swap.
[   13.687629] systemd[1]: Created slice User and Session Slice.
[[0;32m  OK  [0m] Created slice User and Session Slice.
[   13.705721] systemd[1]: Reached target Slices.
[[0;32m  OK  [0m] Reached target Slices.
[   13.712615] systemd[1]: Listening on Syslog Socket.
[[0;32m  OK  [0m] Listening on Syslog Socket.
[   13.721458] systemd[1]: Listening on /dev/initctl Compatibility Named Pipe.
[[0;32m  OK  [0m] Listening on /dev/initctl Compatibility Named Pipe.
[   13.741331] systemd[1]: Listening on Journal Socket.
[[0;32m  OK  [0m] Listening on Journal Socket.
[   13.767875] systemd[1]: Starting Load Kernel Modules...
         Starting Load Kernel Modules...
[   13.780905] systemd[1]: Starting Uncomplicated firewall...
         Starting Uncomplicated firewall...
[   13.791837] systemd[1]: Mounting Debug File System...
[   13.795020] Loading iSCSI transport class v2.0-870.
         Mounting Debug File System...
[   13.829499] systemd[1]: Starting Set console keymap...
         Starting Set con[   13.843943] iscsi: registered transport (tcp)
sole keymap...
[   13.874016] random: nonblocking pool is initialized
[   13.887198] systemd[1]: Starting Journal Service...
         Starting Journal Service...
[   13.907396] systemd[1]: Starting Nameserver information manager...
         [   13.919860] iscsi: registered transport (iser)
Starting Nameserver information manager...
[   13.927748] systemd[1]: Mounting POSIX Message Queue File System...
         Mounting POSIX Message Queue File System...
[   13.956608] systemd[1]: Starting Create list of required static device nodes for the current kernel...
         Starting Create list of required st... nodes for the current kernel...
[   13.996804] systemd[1]: Mounting Huge Pages File System...
         Mounting Huge Pages File System...
[   14.016578] systemd[1]: Starting Remount Root and Kernel File Systems...
         Starting Remount Root and Kernel[   14.024587] EXT4-fs (sda1): re-mounted. Opts: (null)
 File Systems...
[   14.032981] systemd[1]: Listening on LVM2 metadata daemon socket.
[[0;32m  OK  [0m] Listening on LVM2 metadata daemon socket.
[   14.040693] systemd[1]: Starting Monitoring of LVM2 mirrors, snapshots etc. using dmeventd or progress polling...
         Starting Monitoring of LVM2 mirrors... dmeventd or progress polling...
[   14.055527] systemd[1]: Mounted POSIX Message Queue File System.
[[0;32m  OK  [0m] Mounted POSIX Message Queue File System.
[   14.070216] systemd[1]: Mounted Huge Pages File System.
[[0;32m  OK  [0m] Mounted Huge Pages File System.
[   14.098638] systemd[1]: Mounted Debug File System.
[[0;32m  OK  [0m] Mounted Debug File System.
[   14.110157] systemd[1]: Started Journal Service.
[[0;32m  OK  [0m] Started Journal Service.
[[0;32m  OK  [0m] Started Load Kernel Modules.
[[0;32m  OK  [0m] Started Uncomplicated firewall.
[[0;32m  OK  [0m] Started Set console keymap.
[[0;32m  OK  [0m] Started Create list of required sta...ce nodes for the current kernel.
[[0;32m  OK  [0m] Started Remount Root and Kernel File Systems.
[[0;32m  OK  [0m] Started Nameserver information manager.
[[0;32m  OK  [0m] Started LVM2 metadata daemon.
         Starting Initial cloud-init job (pre-networking)...
         Starting udev Coldplug all Devices...
         Starting Load/Save Random Seed...
         Starting Create Static Device Nodes in /dev...
         Starting Apply Kernel Variables...
         Mounting FUSE Control File System...
         Starting Flush Journal to Persistent Storage...
[[0;32m  OK  [0m] Mounted FUSE Control File System.
[[0;32m  OK  [0m] Started Load/Save Random Seed.
[[0;32m  OK  [0m] Started Create Static Device Nodes in /dev.
[[0;32m  OK  [0m] Started Apply Kernel Variables.
[[0;32m  OK  [0m] Started udev Coldplug all Devices.
[[0;32m  OK  [0m] Started Flush Journal to Persistent Storage.
         Starting udev Kernel Device Manager...
[[0;32m  OK  [0m] Started udev Kernel Device Manager.
[[0;32m  OK  [0m] Started Dispatch Password Requests to Console Directory Watch.
[[0;32m  OK  [0m] Started Monitoring of LVM2 mirrors,...ng dmeventd or progress polling.
[[0;32m  OK  [0m] Reached target Local File Systems (Pre).
[[0;32m  OK  [0m] Reached target Local File Systems.
         Starting Create Volatile Files and Directories...
         Starting LSB: AppArmor initialization...
         Starting Tell Plymouth To Write Out Runtime Data...
         Starting Set console font and keymap...
[[0;32m  OK  [0m] Started Create Volatile Files and Directories.
[[0;32m  OK  [0m] Started Tell Plymouth To Write Out Runtime Data.
[[0;32m  OK  [0m] Reached target System Time Synchronized.
         Starting Update UTMP about System Boot/Shutdown...
[[0;32m  OK  [0m] Started Update UTMP about System Boot/Shutdown.
[[0;32m  OK  [0m] Found device /dev/ttyS0.
[[0;32m  OK  [0m] Started LSB: AppArmor initialization.
[[0;32m  OK  [0m] Started Set console font and keymap.
[[0;32m  OK  [0m] Created slice system-getty.slice.
[[0;32m  OK  [0m] Found device 82540EM Gigabit Ethern...r (PRO/1000 MT Desktop Adapter).
[[0;32m  OK  [0m] Listening on Load/Save RF Kill Switch Status /dev/rfkill Watch.
[   13.852911] cloud-init[475]: Cloud-init v. 0.7.9 running 'init-local' at Sun, 11 Nov 2018 18:33:12 +0000. Up 13.41 seconds.
[[0;32m  OK  [0m] Started Initial cloud-init job (pre-networking).
[[0;32m  OK  [0m] Reached target Network (Pre).
[[0;32m  OK  [0m] Started ifup for enp0s3.
         Starting Raise network interfaces...
[[0;32m  OK  [0m] Started Raise network interfaces.
         Starting Initial cloud-init job (metadata service crawler)...
[[0;32m  OK  [0m] Reached target Network.
[   16.661963] cloud-init[1099]: Cloud-init v. 0.7.9 running 'init' at Sun, 11 Nov 2018 18:33:15 +0000. Up 16.01 seconds.
[   16.679072] cloud-init[1099]: ci-info: ++++++++++++++++++++++++++++++++++++++Net device info++++++++++++++++++++++++++++++++++++++
[   16.696912] cloud-init[1099]: ci-info: +--------+-------+----------------------------+---------------+-------+-------------------+
[   16.710079] cloud-init[1099]: ci-info: | Device |   Up  |          Address           |      Mask     | Scope |     Hw-Address    |
[   16.719386] cloud-init[1099]: ci-info: +--------+-------+----------------------------+---------------+-------+-------------------+
[   16.726810] cloud-init[1099]: ci-info: | enp0s3 |  True |         10.0.2.15          | 255.255.255.0 |   .   | 02:6f:7d:42:85:2c |
[   16.735002] cloud-init[1099]: ci-info: | enp0s3 |  True | fe80::6f:7dff:fe42:852c/64 |       .       |  link | 02:6f:7d:42:85:2c |
[   16.750820] [[0;32m  OK  [0m] Started Initial cloud-init job (metadata service crawler).
[[0;32m  OK  [0m] Reached target System Initialization.
[[0;32m  OK  [0m] Listening on D-Bus System Message Bus Socket.
[[0;32m  OK  [0m] Started Trigger resolvconf update for networkd DNS.
[[0;32m  OK  [0m] Listening on ACPID Listen Socket.
cloud-init[1099]: ci-info: |   lo   |  True |         127.0.0.1          |   255.0.0.0   |   .   |         .         |
[[   16.808262] cloud-init[1099]: ci-info: |   lo   |  True |          ::1/128           |       .       |  host |         .         |
[   16.810390] cloud-init[1099]: ci-info: | enp0s8 | False |             .              |       .       |   .   | 08:00:27:ab:86:75 |
[   16.812322] cloud-init[1099]: ci-info: +--------+-------+----------------------------+---------------+-------+-------------------+
[   16.814908] cloud-init[1099]: ci-info: +++++++++++++++++++++++++++Route IPv4 info++++++++++++++++++++++++++++
[0;32m  OK  [0m] Started Daily apt activities.
[   16.816353] cloud-init[1099]: ci-info: +-------+-------------+----------+---------------+-----------+-------+
[[0;32m  OK  [0m] Started Timer to automatically refresh installed snaps.
[   16.874474] cloud-init[1099]: ci-info: | Route | Destination | Gateway  |    Genmask    | Interface | Flags |
[   16.898300] cloud-init[1099]: ci-info: +-------+-------------+----------+---------------+-----------+-------+
[   16.907701] cloud-init[1099]: ci-info: |   0   |   0.0.0.0   | 10.0.2.2 |    0.0.0.0    |   enp0s3  |   UG  |
[   16.909192] cloud-init[1099]: ci-info: |   1   |   10.0.2.0  | 0.0.0.0  | 255.255.255.0 |   enp0s3  |   U   |
[[0;32m  OK  [0m] Started Daily Cleanup of Temporary Directories.
[   16.909498] cloud-init[1099]: ci-info: +-------+-------------+----------+---------------+-----------+-------+
[[0;32m  OK  [0m] Reached target Timers.
         Starting LXD - unix socket.
[[0;32m  OK  [0m] Started ACPI Events Check.
[[0;32m  OK  [0m] Reached target Paths.
[[0;32m  OK  [0m] Listening on UUID daemon activation socket.
         Starting Socket activation for snappy daemon.
[[0;32m  OK  [0m] Reached target Cloud-config availability.
[[0;32m  OK  [0m] Reached target Network is Online.
         Starting iSCSI initiator daemon (iscsid)...
[[0;32m  OK  [0m] Listening on LXD - unix socket.
[[0;32m  OK  [0m] Listening on Socket activation for snappy daemon.
[[0;32m  OK  [0m] Reached target Sockets.
[[0;32m  OK  [0m] Reached target Basic System.
         Starting vboxadd.service...
[[0;32m  OK  [0m] Started Regular background program processing daemon.
         Starting Apache Tomcat Web Application Container...
         Starting Login Service...
         Starting MySQL Community Server...
         Starting Accounts Service...
[[0;32m  OK  [0m] Started Deferred execution scheduler.
         Starting /etc/rc.local Compatibility...
         Starting LSB: Record successful boot for GRUB...
         Starting vboxadd-x11.service...
         Starting Apply the settings specified in cloud-config...
[[0;32m  OK  [0m] Started FUSE filesystem for LXC.
         Starting OpenBSD Secure Shell server...
[[0;32m  OK  [0m] Started ACPI event daemon.
         Starting System Logging Service...
[[0;32m  OK  [0m] Started Snappy daemon.
         Starting Auto import assertions from block devices...
         Starting LXD - container startup/shutdown...
         Starting LSB: MD monitoring daemon...
[[0;32m  OK  [0m] Started D-Bus System Message Bus.
[[0;32m  OK  [0m] Started System Logging Service.
[[0;32m  OK  [0m] Started OpenBSD Secure Shell server.
[[0;32m  OK  [0m] Started iSCSI initiator daemon (iscsid).
[[0;32m  OK  [0m] Started Apache Tomcat Web Application Container.
[[0;32m  OK  [0m] Started /etc/rc.local Compatibility.
[[0;32m  OK  [0m] Started Auto import assertions from block devices.
[[0;32m  OK  [0m] Started LXD - container startup/shutdown.
[[0;32m  OK  [0m] Started Login Service.
[[0;32m  OK  [0m] Started LSB: Record successful boot for GRUB.
[[0;32m  OK  [0m] Started vboxadd-x11.service.
[[0;32m  OK  [0m] Started LSB: MD monitoring daemon.
         Starting Authenticate and Authorize Users to Run Privileged Tasks...
         Starting Login to default iSCSI targets...
[[0;32m  OK  [0m] Started Authenticate and Authorize Users to Run Privileged Tasks.
[[0;32m  OK  [0m] Started Accounts Service.
[[0;32m  OK  [0m] Started Login to default iSCSI targets.
[[0;32m  OK  [0m] Reached target Remote File Systems (Pre).
[[0;32m  OK  [0m] Reached target Remote File Systems.
         Starting Permit User Sessions...
         Starting LSB: automatic crash report generation...
         Starting LSB: Apache2 web server...
         Starting LSB: Set the CPU Frequency Scaling governor to "ondemand"...
         Starting LSB: daemon to balance interrupts for SMP systems...
[[0;32m  OK  [0m] Started Permit User Sessions.
         Starting Terminate Plymouth Boot Screen...
         Starting Hold until boot process finishes up...
[[0;32m  OK  [0m] Started Hold until boot process finishes up.
[[0;32m  OK  [0m] Started vboxadd.service.
[[0;32m  OK  [0m] Started LSB: automatic crash report generation.
[[0;32m  OK  [0m] Started LSB: daemon to balance interrupts for SMP systems.
[[0;32m  OK  [0m] Started Terminate Plymouth Boot Screen.
[[0;32m  OK  [0m] Started LSB: Set the CPU Frequency Scaling governor to "ondemand".
[[0;32m  OK  [0m] Created slice User Slice of ubuntu.
[[0;32m  OK  [0m] Started Session 1 of user ubuntu.
         Starting User Manager for UID 1000...
         Starting vboxadd-service.service...
[[0;32m  OK  [0m] Started Serial Getty on ttyS0.
         Starting Set console scheme...
[[0;32m  OK  [0m] Started Getty on tty1.
[[0;32m  OK  [0m] Reached target Login Prompts.
[[0;32m  OK  [0m] Started User Manager for UID 1000.
[[0;32m  OK  [0m] Started vboxadd-service.service.
[[0;32m  OK  [0m] Started Set console scheme.
[[0;32m  OK  [0m] Started LSB: Apache2 web server.
[   19.903570] cloud-init[1196]: Cloud-init v. 0.7.9 running 'modules:config' at Sun, 11 Nov 2018 18:33:18 +0000. Up 19.42 seconds.
[[0;32m  OK  [0m] Started MySQL Community Server.
[[0;32m  OK  [0m] Reached target Multi-User System.
[[0;32m  OK  [0m] Reached target Graphical Interface.
         Starting Update UTMP about System Runlevel Changes...
[[0;32m  OK  [0m] Started Update UTMP about System Runlevel Changes.
[[0;32m  OK  [0m] Started Apply the settings specified in cloud-config.
         Starting Execute cloud user/final scripts...
[   21.512289] cloud-init[1579]: Cloud-init v. 0.7.9 running 'modules:final' at Sun, 11 Nov 2018 18:33:20 +0000. Up 21.12 seconds.
[   21.550453] cloud-init[1579]: Cloud-init v. 0.7.9 finished at Sun, 11 Nov 2018 18:33:21 +0000. Datasource DataSourceNoCloud [seed=/dev/sdb][dsmode=net].  Up 21.49 seconds
[[0;32m  OK  [0m] Started Execute cloud user/final scripts.
[[0;32m  OK  [0m] Reached target Cloud-init target.

Ubuntu 16.04.2 LTS jenkins ttyS0

jenkins login: 